Component: ARM Compiler 5.06 update 6 (build 750) Tool: armlink [4d35ed]

==============================================================================

Section Cross References

    startup_stm32f411xe.o(RESET) refers to startup_stm32f411xe.o(STACK) for __initial_sp
    startup_stm32f411xe.o(RESET) refers to startup_stm32f411xe.o(.text) for Reset_Handler
    startup_stm32f411xe.o(RESET) refers to delay.o(i.SysTick_Handler) for SysTick_Handler
    startup_stm32f411xe.o(RESET) refers to delay.o(i.TIM3_IRQHandler) for TIM3_IRQHandler
    startup_stm32f411xe.o(RESET) refers to main.o(i.TIM4_IRQHandler) for TIM4_IRQHandler
    startup_stm32f411xe.o(RESET) refers to usart.o(i.USART1_IRQHandler) for USART1_IRQHandler
    startup_stm32f411xe.o(.text) refers to system_stm32f4xx.o(i.SystemInit) for SystemInit
    startup_stm32f411xe.o(.text) refers to entry.o(.ARM.Collect$$$$00000000) for __main
    delay.o(i.Delayms) refers to delay.o(.data) for mtim_delay
    delay.o(i.Delayus) refers to stm32f4xx_tim.o(i.TIM_Cmd) for TIM_Cmd
    delay.o(i.Delayus) refers to delay.o(.data) for utim_delay
    delay.o(i.SysTick_Handler) refers to delay.o(.data) for mtim_delay
    delay.o(i.TIM3_IRQHandler) refers to stm32f4xx_tim.o(i.TIM_GetITStatus) for TIM_GetITStatus
    delay.o(i.TIM3_IRQHandler) refers to stm32f4xx_tim.o(i.TIM_ClearITPendingBit) for TIM_ClearITPendingBit
    delay.o(i.TIM3_IRQHandler) refers to delay.o(.data) for utim_delay
    delay.o(i.Tim3Init) refers to stm32f4xx_rcc.o(i.RCC_APB1PeriphClockCmd) for RCC_APB1PeriphClockCmd
    delay.o(i.Tim3Init) refers to stm32f4xx_tim.o(i.TIM_TimeBaseInit) for TIM_TimeBaseInit
    delay.o(i.Tim3Init) refers to stm32f4xx_tim.o(i.TIM_ClearITPendingBit) for TIM_ClearITPendingBit
    delay.o(i.Tim3Init) refers to stm32f4xx_tim.o(i.TIM_ITConfig) for TIM_ITConfig
    delay.o(i.Tim3Init) refers to misc.o(i.NVIC_Init) for NVIC_Init
    delay.o(i.Tim3Init) refers to stm32f4xx_tim.o(i.TIM_Cmd) for TIM_Cmd
    led.o(i.LedInit) refers to stm32f4xx_rcc.o(i.RCC_AHB1PeriphClockCmd) for RCC_AHB1PeriphClockCmd
    led.o(i.LedInit) refers to stm32f4xx_gpio.o(i.GPIO_Init) for GPIO_Init
    led.o(i.LedInit) refers to stm32f4xx_gpio.o(i.GPIO_SetBits) for GPIO_SetBits
    key.o(i.Key_AdcScan) refers to key.o(i.KEY_Get_ADC) for KEY_Get_ADC
    key.o(i.Key_AdcScan) refers to delay.o(i.Delayus) for Delayus
    key.o(i.Key_Init) refers to stm32f4xx_rcc.o(i.RCC_AHB1PeriphClockCmd) for RCC_AHB1PeriphClockCmd
    key.o(i.Key_Init) refers to stm32f4xx_gpio.o(i.GPIO_Init) for GPIO_Init
    key.o(i.Key_Scan) refers to stm32f4xx_gpio.o(i.GPIO_ReadInputDataBit) for GPIO_ReadInputDataBit
    key.o(i.Key_Scan) refers to key.o(.data) for count
    usart.o(i.USART1_IRQHandler) refers to stm32f4xx_usart.o(i.USART_GetITStatus) for USART_GetITStatus
    usart.o(i.USART1_IRQHandler) refers to stm32f4xx_usart.o(i.USART_ReceiveData) for USART_ReceiveData
    usart.o(i.Usart1SendByte) refers to stm32f4xx_usart.o(i.USART_GetFlagStatus) for USART_GetFlagStatus
    usart.o(i.Usart1SendByte) refers to stm32f4xx_usart.o(i.USART_SendData) for USART_SendData
    usart.o(i.UsartInit) refers to stm32f4xx_rcc.o(i.RCC_AHB1PeriphClockCmd) for RCC_AHB1PeriphClockCmd
    usart.o(i.UsartInit) refers to stm32f4xx_rcc.o(i.RCC_APB2PeriphClockCmd) for RCC_APB2PeriphClockCmd
    usart.o(i.UsartInit) refers to stm32f4xx_gpio.o(i.GPIO_PinAFConfig) for GPIO_PinAFConfig
    usart.o(i.UsartInit) refers to stm32f4xx_gpio.o(i.GPIO_Init) for GPIO_Init
    usart.o(i.UsartInit) refers to stm32f4xx_usart.o(i.USART_Init) for USART_Init
    usart.o(i.UsartInit) refers to stm32f4xx_usart.o(i.USART_Cmd) for USART_Cmd
    usart.o(i.UsartInit) refers to stm32f4xx_usart.o(i.USART_ITConfig) for USART_ITConfig
    usart.o(i.UsartInit) refers to misc.o(i.NVIC_Init) for NVIC_Init
    usart.o(i.fputc) refers to usart.o(i.Usart1SendByte) for Usart1SendByte
    oled.o(i.OLED_Chin_Eng) refers to oled.o(i.Show_Hanz) for Show_Hanz
    oled.o(i.OLED_Chin_Eng) refers to oled.o(i.Show_Char) for Show_Char
    oled.o(i.OLED_Config) refers to oled.o(i.OLED_ReadWriteByte) for OLED_ReadWriteByte
    oled.o(i.OLED_Config) refers to oled.o(i.OLED_clear) for OLED_clear
    oled.o(i.OLED_Init) refers to oled.o(i.OLED_GPIO_Init) for OLED_GPIO_Init
    oled.o(i.OLED_Init) refers to stm32f4xx_gpio.o(i.GPIO_WriteBit) for GPIO_WriteBit
    oled.o(i.OLED_Init) refers to oled.o(i.OLED_REST) for OLED_REST
    oled.o(i.OLED_Init) refers to oled.o(i.OLED_Config) for OLED_Config
    oled.o(i.OLED_REST) refers to stm32f4xx_gpio.o(i.GPIO_WriteBit) for GPIO_WriteBit
    oled.o(i.OLED_REST) refers to delay.o(i.Delayms) for Delayms
    oled.o(i.OLED_ReadWriteByte) refers to stm32f4xx_gpio.o(i.GPIO_WriteBit) for GPIO_WriteBit
    oled.o(i.OLED_ReadWriteByte) refers to oled.o(i.SPI1_ReadWriteByte) for SPI1_ReadWriteByte
    oled.o(i.OLED_Set_Pos) refers to oled.o(i.OLED_ReadWriteByte) for OLED_ReadWriteByte
[...]
    Removing stm32f4xx_tim.o(i.TIM_OC2NPolarityConfig), (26 bytes).
    Removing stm32f4xx_tim.o(i.TIM_OC2PolarityConfig), (26 bytes).
    Removing stm32f4xx_tim.o(i.TIM_OC2PreloadConfig), (26 bytes).
    Removing stm32f4xx_tim.o(i.TIM_OC3FastConfig), (18 bytes).
    Removing stm32f4xx_tim.o(i.TIM_OC3Init), (160 bytes).
    Removing stm32f4xx_tim.o(i.TIM_OC3NPolarityConfig), (26 bytes).
    Removing stm32f4xx_tim.o(i.TIM_OC3PolarityConfig), (26 bytes).
    Removing stm32f4xx_tim.o(i.TIM_OC3PreloadConfig), (18 bytes).
    Removing stm32f4xx_tim.o(i.TIM_OC4FastConfig), (26 bytes).
    Removing stm32f4xx_tim.o(i.TIM_OC4Init), (120 bytes).
    Removing stm32f4xx_tim.o(i.TIM_OC4PolarityConfig), (26 bytes).
    Removing stm32f4xx_tim.o(i.TIM_OC4PreloadConfig), (26 bytes).
    Removing stm32f4xx_tim.o(i.TIM_OCStructInit), (20 bytes).
    Removing stm32f4xx_tim.o(i.TIM_PWMIConfig), (124 bytes).
    Removing stm32f4xx_tim.o(i.TIM_PrescalerConfig), (6 bytes).
    Removing stm32f4xx_tim.o(i.TIM_RemapConfig), (6 bytes).
    Removing stm32f4xx_tim.o(i.TIM_SelectCCDMA), (24 bytes).
    Removing stm32f4xx_tim.o(i.TIM_SelectCOM), (24 bytes).
    Removing stm32f4xx_tim.o(i.TIM_SelectHallSensor), (24 bytes).
    Removing stm32f4xx_tim.o(i.TIM_SelectInputTrigger), (18 bytes).
    Removing stm32f4xx_tim.o(i.TIM_SelectMasterSlaveMode), (18 bytes).
    Removing stm32f4xx_tim.o(i.TIM_SelectOCxM), (86 bytes).
    Removing stm32f4xx_tim.o(i.TIM_SelectOnePulseMode), (18 bytes).
    Removing stm32f4xx_tim.o(i.TIM_SelectOutputTrigger), (18 bytes).
    Removing stm32f4xx_tim.o(i.TIM_SelectSlaveMode), (18 bytes).
    Removing stm32f4xx_tim.o(i.TIM_SetAutoreload), (4 bytes).
    Removing stm32f4xx_tim.o(i.TIM_SetClockDivision), (18 bytes).
    Removing stm32f4xx_tim.o(i.TIM_SetCompare1), (4 bytes).
    Removing stm32f4xx_tim.o(i.TIM_SetCompare2), (4 bytes).
    Removing stm32f4xx_tim.o(i.TIM_SetCompare3), (4 bytes).
    Removing stm32f4xx_tim.o(i.TIM_SetCompare4), (4 bytes).
    Removing stm32f4xx_tim.o(i.TIM_SetCounter), (4 bytes).
    Removing stm32f4xx_tim.o(i.TIM_SetIC1Prescaler), (18 bytes).
    Removing stm32f4xx_tim.o(i.TIM_SetIC2Prescaler), (26 bytes).
    Removing stm32f4xx_tim.o(i.TIM_SetIC3Prescaler), (18 bytes).
    Removing stm32f4xx_tim.o(i.TIM_SetIC4Prescaler), (26 bytes).
    Removing stm32f4xx_tim.o(i.TIM_TIxExternalClockConfig), (62 bytes).
    Removing stm32f4xx_tim.o(i.TIM_TimeBaseStructInit), (18 bytes).
    Removing stm32f4xx_tim.o(i.TIM_UpdateDisableConfig), (24 bytes).
    Removing stm32f4xx_tim.o(i.TIM_UpdateRequestConfig), (24 bytes).
    Removing stm32f4xx_usart.o(.rev16_text), (4 bytes).
    Removing stm32f4xx_usart.o(.revsh_text), (4 bytes).
    Removing stm32f4xx_usart.o(.rrx_text), (6 bytes).
    Removing stm32f4xx_usart.o(i.USART_ClearFlag), (18 bytes).
    Removing stm32f4xx_usart.o(i.USART_ClearITPendingBit), (30 bytes).
    Removing stm32f4xx_usart.o(i.USART_ClockInit), (32 bytes).
    Removing stm32f4xx_usart.o(i.USART_ClockStructInit), (12 bytes).
    Removing stm32f4xx_usart.o(i.USART_DMACmd), (18 bytes).
    Removing stm32f4xx_usart.o(i.USART_DeInit), (240 bytes).
    Removing stm32f4xx_usart.o(i.USART_HalfDuplexCmd), (24 bytes).
    Removing stm32f4xx_usart.o(i.USART_IrDACmd), (24 bytes).
    Removing stm32f4xx_usart.o(i.USART_IrDAConfig), (18 bytes).
    Removing stm32f4xx_usart.o(i.USART_LINBreakDetectLengthConfig), (18 bytes).
    Removing stm32f4xx_usart.o(i.USART_LINCmd), (24 bytes).
    Removing stm32f4xx_usart.o(i.USART_OneBitMethodCmd), (24 bytes).
    Removing stm32f4xx_usart.o(i.USART_OverSampling8Cmd), (22 bytes).
    Removing stm32f4xx_usart.o(i.USART_ReceiverWakeUpCmd), (24 bytes).
    Removing stm32f4xx_usart.o(i.USART_SendBreak), (10 bytes).
    Removing stm32f4xx_usart.o(i.USART_SetAddress), (18 bytes).
    Removing stm32f4xx_usart.o(i.USART_SetGuardTime), (16 bytes).
    Removing stm32f4xx_usart.o(i.USART_SetPrescaler), (16 bytes).
    Removing stm32f4xx_usart.o(i.USART_SmartCardCmd), (24 bytes).
    Removing stm32f4xx_usart.o(i.USART_SmartCardNACKCmd), (24 bytes).
    Removing stm32f4xx_usart.o(i.USART_StructInit), (24 bytes).
    Removing stm32f4xx_usart.o(i.USART_WakeUpConfig), (18 bytes).
    Removing stm32f4xx_wwdg.o(.rev16_text), (4 bytes).
    Removing stm32f4xx_wwdg.o(.revsh_text), (4 bytes).
    Removing stm32f4xx_wwdg.o(.rrx_text), (6 bytes).
    Removing stm32f4xx_wwdg.o(i.WWDG_ClearFlag), (12 bytes).
    Removing stm32f4xx_wwdg.o(i.WWDG_DeInit), (22 bytes).
    Removing stm32f4xx_wwdg.o(i.WWDG_Enable), (16 bytes).
    Removing stm32f4xx_wwdg.o(i.WWDG_EnableIT), (12 bytes).
    Removing stm32f4xx_wwdg.o(i.WWDG_GetFlagStatus), (20 bytes).
    Removing stm32f4xx_wwdg.o(i.WWDG_SetCounter), (16 bytes).
    Removing stm32f4xx_wwdg.o(i.WWDG_SetPrescaler), (24 bytes).
    Removing stm32f4xx_wwdg.o(i.WWDG_SetWindowValue), (40 bytes).
    Removing dflti.o(.text), (34 bytes).
    Removing d2f.o(.text), (56 bytes).
    Removing fepilogue.o(.text), (110 bytes).

816 unused section(s) (total 38124 bytes) removed from the image.

==============================================================================

Image Symbol Table

    Local Symbols

    Symbol Name                              Value     Ov Type        Size  Object(Section)

    ../clib/microlib/division.c              0x00000000   Number         0  uldiv.o ABSOLUTE
    ../clib/microlib/division.c              0x00000000   Number         0  uidiv.o ABSOLUTE
    ../clib/microlib/init/entry.s            0x00000000   Number         0  entry10a.o ABSOLUTE
    ../clib/microlib/init/entry.s            0x00000000   Number         0  entry11b.o ABSOLUTE
    ../clib/microlib/init/entry.s            0x00000000   Number         0  entry10b.o ABSOLUTE
    ../clib/microlib/init/entry.s            0x00000000   Number         0  entry11a.o ABSOLUTE
    ../clib/microlib/init/entry.s            0x00000000   Number         0  entry.o ABSOLUTE
    ../clib/microlib/init/entry.s            0x00000000   Number         0  entry9b.o ABSOLUTE
    ../clib/microlib/init/entry.s            0x00000000   Number         0  entry9a.o ABSOLUTE
    ../clib/microlib/init/entry.s            0x00000000   Number         0  entry8b.o ABSOLUTE
    ../clib/microlib/init/entry.s            0x00000000   Number         0  entry8a.o ABSOLUTE
    ../clib/microlib/init/entry.s            0x00000000   Number         0  entry7b.o ABSOLUTE
    ../clib/microlib/init/entry.s            0x00000000   Number         0  entry7a.o ABSOLUTE
    ../clib/microlib/init/entry.s            0x00000000   Number         0  entry5.o ABSOLUTE
    ../clib/microlib/init/entry.s            0x00000000   Number         0  entry2.o ABSOLUTE
    ../clib/microlib/longlong.c              0x00000000   Number         0  llushr.o ABSOLUTE
    ../clib/microlib/longlong.c              0x00000000   Number         0  llsshr.o ABSOLUTE
    ../clib/microlib/longlong.c              0x00000000   Number         0  llshl.o ABSOLUTE
    ../clib/microlib/printf/printf.c         0x00000000   Number         0  printfa.o ABSOLUTE
    ../clib/microlib/printf/printf.c         0x00000000   Number         0  printf5.o ABSOLUTE
    ../clib/microlib/printf/printf.c         0x00000000   Number         0  printfb.o ABSOLUTE
    ../clib/microlib/printf/printf.c         0x00000000   Number         0  printf0.o ABSOLUTE
    ../clib/microlib/printf/printf.c         0x00000000   Number         0  printf1.o ABSOLUTE
    ../clib/microlib/printf/printf.c         0x00000000   Number         0  printf2.o ABSOLUTE
    ../clib/microlib/printf/printf.c         0x00000000   Number         0  printf3.o ABSOLUTE
    ../clib/microlib/printf/printf.c         0x00000000   Number         0  printf4.o ABSOLUTE
    ../clib/microlib/printf/printf.c         0x00000000   Number         0  printf6.o ABSOLUTE
    ../clib/microlib/printf/printf.c         0x00000000   Number         0  printf7.o ABSOLUTE
    ../clib/microlib/printf/printf.c         0x00000000   Number         0  printf8.o ABSOLUTE
    ../clib/microlib/printf/stubs.s          0x00000000   Number         0  stubs.o ABSOLUTE
    ../clib/microlib/stdio/streams.c         0x00000000   Number         0  stdout.o ABSOLUTE
    ../clib/microlib/string/memset.c         0x00000000   Number         0  memseta.o ABSOLUTE
    ../clib/microlib/string/strlen.c         0x00000000   Number         0  strlen.o ABSOLUTE
    ../clib/microlib/stubs.s                 0x00000000   Number         0  iusefp.o ABSOLUTE
    ../fplib/microlib/d2f.c                  0x00000000   Number         0  d2f.o ABSOLUTE
    ../fplib/microlib/f2d.c                  0x00000000   Number         0  f2d.o ABSOLUTE
    ../fplib/microlib/fpadd.c                0x00000000   Number         0  dadd.o ABSOLUTE
    ../fplib/microlib/fpdiv.c                0x00000000   Number         0  ddiv.o ABSOLUTE
    ../fplib/microlib/fpepilogue.c           0x00000000   Number         0  depilogue.o ABSOLUTE
    ../fplib/microlib/fpepilogue.c           0x00000000   Number         0  fepilogue.o ABSOLUTE
    ../fplib/microlib/fpfix.c                0x00000000   Number         0  dfixul.o ABSOLUTE
    ../fplib/microlib/fpflt.c                0x00000000   Number         0  dflti.o ABSOLUTE
    ../fplib/microlib/fpmul.c                0x00000000   Number         0  dmul.o ABSOLUTE
    ..\\user\\bsp\\SHT20.c                   0x00000000   Number         0  sht20.o ABSOLUTE
    ..\\user\\bsp\\ZIMO.c                    0x00000000   Number         0  zimo.o ABSOLUTE
    ..\\user\\bsp\\delay.c                   0x00000000   Number         0  delay.o ABSOLUTE
    ..\\user\\bsp\\hp6.c                     0x00000000   Number         0  hp6.o ABSOLUTE
    ..\\user\\bsp\\hp6_IIC.c                 0x00000000   Number         0  hp6_iic.o ABSOLUTE
    ..\\user\\bsp\\i2c.c                     0x00000000   Number         0  i2c.o ABSOLUTE
    ..\\user\\bsp\\key.c                     0x00000000   Number         0  key.o ABSOLUTE
    ..\\user\\bsp\\led.c                     0x00000000   Number         0  led.o ABSOLUTE
    ..\\user\\bsp\\mpu6050.c                 0x00000000   Number         0  mpu6050.o ABSOLUTE
    ..\\user\\bsp\\oled.c                    0x00000000   Number         0  oled.o ABSOLUTE
    ..\\user\\bsp\\rtc.c                     0x00000000   Number         0  rtc.o ABSOLUTE
    ..\\user\\bsp\\usart.c                   0x00000000   Number         0  usart.o ABSOLUTE
    ..\\user\\main.c                         0x00000000   Number         0  main.o ABSOLUTE
    ..\\user\\system_stm32f4xx.c             0x00000000   Number         0  system_stm32f4xx.o ABSOLUTE
    ..\cmsis\startup\startup_stm32f411xe.s   0x00000000   Number         0  startup_stm32f411xe.o ABSOLUTE
    ..\user\bsp\SHT20.c                      0x00000000   Number         0  sht20.o ABSOLUTE
    ..\user\bsp\ZIMO.c                       0x00000000   Number         0  zimo.o ABSOLUTE
    ..\user\bsp\delay.c                      0x00000000   Number         0  delay.o ABSOLUTE
    ..\user\bsp\hp6.c                        0x00000000   Number         0  hp6.o ABSOLUTE
    ..\user\bsp\hp6_IIC.c                    0x00000000   Number         0  hp6_iic.o ABSOLUTE
    ..\user\bsp\i2c.c                        0x00000000   Number         0  i2c.o ABSOLUTE
    ..\user\bsp\key.c                        0x00000000   Number         0  key.o ABSOLUTE
    ..\user\bsp\led.c                        0x00000000   Number         0  led.o ABSOLUTE
    ..\user\bsp\mpu6050.c                    0x00000000   Number         0  mpu6050.o ABSOLUTE
    ..\user\bsp\oled.c                       0x00000000   Number         0  oled.o ABSOLUTE
    ..\user\bsp\rtc.c                        0x00000000   Number         0  rtc.o ABSOLUTE
    ..\user\bsp\usart.c                      0x00000000   Number         0  usart.o ABSOLUTE
    ..\user\main.c                           0x00000000   Number         0  main.o ABSOLUTE
    ..\user\system_stm32f4xx.c               0x00000000   Number         0  system_stm32f4xx.o ABSOLUTE
    cdrcmple.s                               0x00000000   Number         0  cdrcmple.o ABSOLUTE
    dc.s                                     0x00000000   Number         0  dc.o ABSOLUTE
    handlers.s                               0x00000000   Number         0  handlers.o ABSOLUTE
    init.s                                   0x00000000   Number         0  init.o ABSOLUTE
    stdlib\\src\\misc.c                      0x00000000   Number         0  misc.o ABSOLUTE
    stdlib\\src\\stm32f4xx_adc.c             0x00000000   Number         0  stm32f4xx_adc.o ABSOLUTE
    stdlib\\src\\stm32f4xx_can.c             0x00000000   Number         0  stm32f4xx_can.o ABSOLUTE
    stdlib\\src\\stm32f4xx_crc.c             0x00000000   Number         0  stm32f4xx_crc.o ABSOLUTE
    stdlib\\src\\stm32f4xx_cryp.c            0x00000000   Number         0  stm32f4xx_cryp.o ABSOLUTE
    stdlib\\src\\stm32f4xx_cryp_aes.c        0x00000000   Number         0  stm32f4xx_cryp_aes.o ABSOLUTE
    stdlib\\src\\stm32f4xx_cryp_des.c        0x00000000   Number         0  stm32f4xx_cryp_des.o ABSOLUTE
    stdlib\\src\\stm32f4xx_cryp_tdes.c       0x00000000   Number         0  stm32f4xx_cryp_tdes.o ABSOLUTE
    stdlib\\src\\stm32f4xx_dac.c             0x00000000   Number         0  stm32f4xx_dac.o ABSOLUTE
    stdlib\\src\\stm32f4xx_dbgmcu.c          0x00000000   Number         0  stm32f4xx_dbgmcu.o ABSOLUTE
    stdlib\\src\\stm32f4xx_dcmi.c            0x00000000   Number         0  stm32f4xx_dcmi.o ABSOLUTE
    stdlib\\src\\stm32f4xx_dma.c             0x00000000   Number         0  stm32f4xx_dma.o ABSOLUTE
    stdlib\\src\\stm32f4xx_dma2d.c           0x00000000   Number         0  stm32f4xx_dma2d.o ABSOLUTE
    stdlib\\src\\stm32f4xx_exti.c            0x00000000   Number         0  stm32f4xx_exti.o ABSOLUTE
    stdlib\\src\\stm32f4xx_flash.c           0x00000000   Number         0  stm32f4xx_flash.o ABSOLUTE
    stdlib\\src\\stm32f4xx_flash_ramfunc.c   0x00000000   Number         0  stm32f4xx_flash_ramfunc.o ABSOLUTE
    stdlib\\src\\stm32f4xx_gpio.c            0x00000000   Number         0  stm32f4xx_gpio.o ABSOLUTE
    stdlib\\src\\stm32f4xx_hash.c            0x00000000   Number         0  stm32f4xx_hash.o ABSOLUTE
    stdlib\\src\\stm32f4xx_hash_md5.c        0x00000000   Number         0  stm32f4xx_hash_md5.o ABSOLUTE
    stdlib\\src\\stm32f4xx_hash_sha1.c       0x00000000   Number         0  stm32f4xx_hash_sha1.o ABSOLUTE
    stdlib\\src\\stm32f4xx_i2c.c             0x00000000   Number         0  stm32f4xx_i2c.o ABSOLUTE
    stdlib\\src\\stm32f4xx_iwdg.c            0x00000000   Number         0  stm32f4xx_iwdg.o ABSOLUTE
    stdlib\\src\\stm32f4xx_ltdc.c            0x00000000   Number         0  stm32f4xx_ltdc.o ABSOLUTE
    stdlib\\src\\stm32f4xx_pwr.c             0x00000000   Number         0  stm32f4xx_pwr.o ABSOLUTE
    stdlib\\src\\stm32f4xx_rcc.c             0x00000000   Number         0  stm32f4xx_rcc.o ABSOLUTE
    stdlib\\src\\stm32f4xx_rng.c             0x00000000   Number         0  stm32f4xx_rng.o ABSOLUTE
    stdlib\\src\\stm32f4xx_rtc.c             0x00000000   Number         0  stm32f4xx_rtc.o ABSOLUTE
    stdlib\\src\\stm32f4xx_sai.c             0x00000000   Number         0  stm32f4xx_sai.o ABSOLUTE
    stdlib\\src\\stm32f4xx_sdio.c            0x00000000   Number         0  stm32f4xx_sdio.o ABSOLUTE
    stdlib\\src\\stm32f4xx_spi.c             0x00000000   Number         0  stm32f4xx_spi.o ABSOLUTE
    stdlib\\src\\stm32f4xx_syscfg.c          0x00000000   Number         0  stm32f4xx_syscfg.o ABSOLUTE
    stdlib\\src\\stm32f4xx_tim.c             0x00000000   Number         0  stm32f4xx_tim.o ABSOLUTE
    stdlib\\src\\stm32f4xx_usart.c           0x00000000   Number         0  stm32f4xx_usart.o ABSOLUTE
    stdlib\\src\\stm32f4xx_wwdg.c            0x00000000   Number         0  stm32f4xx_wwdg.o ABSOLUTE
    stdlib\src\misc.c                        0x00000000   Number         0  misc.o ABSOLUTE
    stdlib\src\stm32f4xx_adc.c               0x00000000   Number         0  stm32f4xx_adc.o ABSOLUTE
    stdlib\src\stm32f4xx_can.c               0x00000000   Number         0  stm32f4xx_can.o ABSOLUTE
    stdlib\src\stm32f4xx_crc.c               0x00000000   Number         0  stm32f4xx_crc.o ABSOLUTE
    stdlib\src\stm32f4xx_cryp.c              0x00000000   Number         0  stm32f4xx_cryp.o ABSOLUTE
    stdlib\src\stm32f4xx_cryp_aes.c          0x00000000   Number         0  stm32f4xx_cryp_aes.o ABSOLUTE
    stdlib\src\stm32f4xx_cryp_des.c          0x00000000   Number         0  stm32f4xx_cryp_des.o ABSOLUTE
    stdlib\src\stm32f4xx_cryp_tdes.c         0x00000000   Number         0  stm32f4xx_cryp_tdes.o ABSOLUTE
    stdlib\src\stm32f4xx_dac.c               0x00000000   Number         0  stm32f4xx_dac.o ABSOLUTE
    stdlib\src\stm32f4xx_dbgmcu.c            0x00000000   Number         0  stm32f4xx_dbgmcu.o ABSOLUTE
    stdlib\src\stm32f4xx_dcmi.c              0x00000000   Number         0  stm32f4xx_dcmi.o ABSOLUTE
    stdlib\src\stm32f4xx_dma.c               0x00000000   Number         0  stm32f4xx_dma.o ABSOLUTE
    stdlib\src\stm32f4xx_dma2d.c             0x00000000   Number         0  stm32f4xx_dma2d.o ABSOLUTE
    stdlib\src\stm32f4xx_exti.c              0x00000000   Number         0  stm32f4xx_exti.o ABSOLUTE
    stdlib\src\stm32f4xx_flash.c             0x00000000   Number         0  stm32f4xx_flash.o ABSOLUTE
    stdlib\src\stm32f4xx_flash_ramfunc.c     0x00000000   Number         0  stm32f4xx_flash_ramfunc.o ABSOLUTE
    stdlib\src\stm32f4xx_gpio.c              0x00000000   Number         0  stm32f4xx_gpio.o ABSOLUTE
    stdlib\src\stm32f4xx_hash.c              0x00000000   Number         0  stm32f4xx_hash.o ABSOLUTE
    stdlib\src\stm32f4xx_hash_md5.c          0x00000000   Number         0  stm32f4xx_hash_md5.o ABSOLUTE
    stdlib\src\stm32f4xx_hash_sha1.c         0x00000000   Number         0  stm32f4xx_hash_sha1.o ABSOLUTE
    stdlib\src\stm32f4xx_i2c.c               0x00000000   Number         0  stm32f4xx_i2c.o ABSOLUTE
    stdlib\src\stm32f4xx_iwdg.c              0x00000000   Number         0  stm32f4xx_iwdg.o ABSOLUTE
    stdlib\src\stm32f4xx_ltdc.c              0x00000000   Number         0  stm32f4xx_ltdc.o ABSOLUTE
    stdlib\src\stm32f4xx_pwr.c               0x00000000   Number         0  stm32f4xx_pwr.o ABSOLUTE
    stdlib\src\stm32f4xx_rcc.c               0x00000000   Number         0  stm32f4xx_rcc.o ABSOLUTE
    stdlib\src\stm32f4xx_rng.c               0x00000000   Number         0  stm32f4xx_rng.o ABSOLUTE
    stdlib\src\stm32f4xx_rtc.c               0x00000000   Number         0  stm32f4xx_rtc.o ABSOLUTE
    stdlib\src\stm32f4xx_sai.c               0x00000000   Number         0  stm32f4xx_sai.o ABSOLUTE
    stdlib\src\stm32f4xx_sdio.c              0x00000000   Number         0  stm32f4xx_sdio.o ABSOLUTE
    stdlib\src\stm32f4xx_spi.c               0x00000000   Number         0  stm32f4xx_spi.o ABSOLUTE
    stdlib\src\stm32f4xx_syscfg.c            0x00000000   Number         0  stm32f4xx_syscfg.o ABSOLUTE
    stdlib\src\stm32f4xx_tim.c               0x00000000   Number         0  stm32f4xx_tim.o ABSOLUTE
    stdlib\src\stm32f4xx_usart.c             0x00000000   Number         0  stm32f4xx_usart.o ABSOLUTE
    stdlib\src\stm32f4xx_wwdg.c              0x00000000   Number         0  stm32f4xx_wwdg.o ABSOLUTE
    RESET                                    0x08000000   Section      408  startup_stm32f411xe.o(RESET)
    .ARM.Collect$$$$00000000                 0x08000198   Section        0  entry.o(.ARM.Collect$$$$00000000)
    .ARM.Collect$$$$00000001                 0x08000198   Section        4  entry2.o(.ARM.Collect$$$$00000001)
    .ARM.Collect$$$$00000004                 0x0800019c   Section        4  entry5.o(.ARM.Collect$$$$00000004)
    .ARM.Collect$$$$00000008                 0x080001a0   Section        0  entry7b.o(.ARM.Collect$$$$00000008)
    .ARM.Collect$$$$0000000A                 0x080001a0   Section        0  entry8b.o(.ARM.Collect$$$$0000000A)
    .ARM.Collect$$$$0000000B                 0x080001a0   Section        8  entry9a.o(.ARM.Collect$$$$0000000B)
    .ARM.Collect$$$$0000000D                 0x080001a8   Section        0  entry10a.o(.ARM.Collect$$$$0000000D)
    .ARM.Collect$$$$0000000F                 0x080001a8   Section        0  entry11a.o(.ARM.Collect$$$$0000000F)
    .ARM.Collect$$$$00002712                 0x080001a8   Section        4  entry2.o(.ARM.Collect$$$$00002712)
    __lit__00000000                          0x080001a8   Data           4  entry2.o(.ARM.Collect$$$$00002712)
    .text                                    0x080001ac   Section       36  startup_stm32f411xe.o(.text)
    $v0                                      0x080001ac   Number         0  startup_stm32f411xe.o(.text)
    .text                                    0x080001d0   Section        0  memseta.o(.text)
    .text                                    0x080001f4   Section        0  strlen.o(.text)
    .text                                    0x08000202   Section        0  dadd.o(.text)
    .text                                    0x08000350   Section        0  ddiv.o(.text)
    .text                                    0x0800042e   Section        0  f2d.o(.text)
    .text                                    0x08000454   Section        0  uidiv.o(.text)
    .text                                    0x08000480   Section        0  uldiv.o(.text)
    .text                                    0x080004e2   Section        0  llshl.o(.text)
    .text                                    0x08000500   Section        0  llsshr.o(.text)
    .text                                    0x08000524   Section        0  depilogue.o(.text)
    .text                                    0x08000524   Section        0  iusefp.o(.text)
    .text                                    0x080005de   Section        0  dmul.o(.text)
    .text                                    0x080006c2   Section        0  dfixul.o(.text)
    .text                                    0x080006f4   Section       48  cdrcmple.o(.text)
    .text                                    0x08000724   Section       36  init.o(.text)
    .text                                    0x08000748   Section        0  llushr.o(.text)
    i.CountStep                              0x08000768   Section        0  mpu6050.o(i.CountStep)
    i.Crc16                                  0x08000fa0   Section        0  hp6.o(i.Crc16)
    i.DataSelect                             0x08000fd0   Section        0  mpu6050.o(i.DataSelect)
    i.Delayms                                0x08001030   Section        0  delay.o(i.Delayms)
    i.Delayus                                0x08001048   Section        0  delay.o(i.Delayus)
    i.GPIO_Init                              0x08001074   Section        0  stm32f4xx_gpio.o(i.GPIO_Init)
    i.GPIO_PinAFConfig                       0x08001104   Section        0  stm32f4xx_gpio.o(i.GPIO_PinAFConfig)
    i.GPIO_ReadInputDataBit                  0x0800114a   Section        0  stm32f4xx_gpio.o(i.GPIO_ReadInputDataBit)
    i.GPIO_ResetBits                         0x0800115c   Section        0  stm32f4xx_gpio.o(i.GPIO_ResetBits)
    i.GPIO_SetBits                           0x08001160   Section        0  stm32f4xx_gpio.o(i.GPIO_SetBits)
    i.GPIO_WriteBit                          0x08001164   Section        0  stm32f4xx_gpio.o(i.GPIO_WriteBit)
    i.GetDate                                0x08001170   Section        0  rtc.o(i.GetDate)
    i.GetTime                                0x0800128c   Section        0  rtc.o(i.GetTime)
    i.HP6IIC_Init                            0x080012e4   Section        0  hp6_iic.o(i.HP6IIC_Init)
    i.HP6IIC_ReadByte                        0x0800132c   Section        0  hp6_iic.o(i.HP6IIC_ReadByte)
    i.HP6IIC_Start                           0x080013a4   Section        0  hp6_iic.o(i.HP6IIC_Start)
    i.HP6IIC_Stop                            0x080013d4   Section        0  hp6_iic.o(i.HP6IIC_Stop)
    i.HP6IIC_WriteByte                       0x08001400   Section        0  hp6_iic.o(i.HP6IIC_WriteByte)
    i.HP_6_CloseBp                           0x0800147c   Section        0  hp6.o(i.HP_6_CloseBp)
    i.HP_6_CloseRate                         0x080014bc   Section        0  hp6.o(i.HP_6_CloseRate)
    i.HP_6_GetBpResult                       0x080014fc   Section        0  hp6.o(i.HP_6_GetBpResult)
    i.HP_6_GetRateResult                     0x08001528   Section        0  hp6.o(i.HP_6_GetRateResult)
    i.HP_6_GetResultData                     0x08001554   Section        0  hp6.o(i.HP_6_GetResultData)
    i.HP_6_OpenBp                            0x08001578   Section        0  hp6.o(i.HP_6_OpenBp)
    i.HP_6_OpenRate                          0x080015b4   Section        0  hp6.o(i.HP_6_OpenRate)
    i.HP_6_SendCmd                           0x080015f0   Section        0  hp6.o(i.HP_6_SendCmd)
    i.Hp_6_I2CRead                           0x08001636   Section        0  hp6.o(i.Hp_6_I2CRead)
    i.Hp_6_I2CWrite                          0x08001676   Section        0  hp6.o(i.Hp_6_I2CWrite)
    i.Hp_6_init                              0x080016a8   Section        0  hp6.o(i.Hp_6_init)
    i.IIC_PinInit                            0x0800170c   Section        0  i2c.o(i.IIC_PinInit)
    i.IIC_ReadByte                           0x08001780   Section        0  i2c.o(i.IIC_ReadByte)
    i.IIC_Start                              0x08001824   Section        0  i2c.o(i.IIC_Start)
    i.IIC_Stop                               0x0800186c   Section        0  i2c.o(i.IIC_Stop)
    i.IIC_WriteByte                          0x080018ac   Section        0  i2c.o(i.IIC_WriteByte)
    i.KEY_ADC_Init                           0x08001950   Section        0  key.o(i.KEY_ADC_Init)
    i.KEY_Get_ADC                            0x08001a14   Section        0  key.o(i.KEY_Get_ADC)
    i.Key_AdcScan                            0x08001a50   Section        0  key.o(i.Key_AdcScan)
    i.Key_Init                               0x08001b00   Section        0  key.o(i.Key_Init)
    i.Key_Scan                               0x08001b28   Section        0  key.o(i.Key_Scan)
    i.LedInit                                0x08001b78   Section        0  led.o(i.LedInit)
    i.Low_Power                              0x08001bbc   Section        0  main.o(i.Low_Power)
    i.MPU_Get_Accelerometer                  0x08001bf0   Section        0  mpu6050.o(i.MPU_Get_Accelerometer)
    i.MPU_Init                               0x08001c40   Section        0  mpu6050.o(i.MPU_Init)
    i.MPU_Read_Byte                          0x08001cb0   Section        0  mpu6050.o(i.MPU_Read_Byte)
    i.MPU_Read_Len                           0x08001cde   Section        0  mpu6050.o(i.MPU_Read_Len)
    i.MPU_Set_Accel_Fsr                      0x08001d3c   Section        0  mpu6050.o(i.MPU_Set_Accel_Fsr)
    i.MPU_Set_LPF                            0x08001d4c   Section        0  mpu6050.o(i.MPU_Set_LPF)
    i.MPU_Set_Rate                           0x08001d86   Section        0  mpu6050.o(i.MPU_Set_Rate)
    i.MPU_Write_Byte                         0x08001dc0   Section        0  mpu6050.o(i.MPU_Write_Byte)
    i.NVIC_Init                              0x08001de4   Section        0  misc.o(i.NVIC_Init)
    i.NVIC_PriorityGroupConfig               0x08001e5c   Section        0  misc.o(i.NVIC_PriorityGroupConfig)
    i.OLED_Chin_Eng                          0x08001e70   Section        0  oled.o(i.OLED_Chin_Eng)
    i.OLED_Config                            0x08001ec6   Section        0  oled.o(i.OLED_Config)
    i.OLED_GPIO_Init                         0x08001f98   Section        0  oled.o(i.OLED_GPIO_Init)
    i.OLED_Init                              0x08002190   Section        0  oled.o(i.OLED_Init)
    i.OLED_REST                              0x080021b0   Section        0  oled.o(i.OLED_REST)
    i.OLED_ReadWriteByte                     0x080021ec   Section        0  oled.o(i.OLED_ReadWriteByte)
    i.OLED_Set_Pos                           0x08002230   Section        0  oled.o(i.OLED_Set_Pos)
    i.OLED_clear                             0x08002278   Section        0  oled.o(i.OLED_clear)
    i.RCC_AHB1PeriphClockCmd                 0x080022c0   Section        0  stm32f4xx_rcc.o(i.RCC_AHB1PeriphClockCmd)
    i.RCC_APB1PeriphClockCmd                 0x080022e0   Section        0  stm32f4xx_rcc.o(i.RCC_APB1PeriphClockCmd)
    i.RCC_APB2PeriphClockCmd                 0x08002300   Section        0  stm32f4xx_rcc.o(i.RCC_APB2PeriphClockCmd)
    i.RCC_GetClocksFreq                      0x08002320   Section        0  stm32f4xx_rcc.o(i.RCC_GetClocksFreq)
    i.RTC_Bcd2ToByte                         0x08002408   Section        0  stm32f4xx_rtc.o(i.RTC_Bcd2ToByte)
    RTC_Bcd2ToByte                           0x08002409   Thumb Code    22  stm32f4xx_rtc.o(i.RTC_Bcd2ToByte)
    i.RTC_ByteToBcd2                         0x0800241e   Section        0  stm32f4xx_rtc.o(i.RTC_ByteToBcd2)
    RTC_ByteToBcd2                           0x0800241f   Thumb Code    28  stm32f4xx_rtc.o(i.RTC_ByteToBcd2)
    i.RTC_EnterInitMode                      0x0800243c   Section        0  stm32f4xx_rtc.o(i.RTC_EnterInitMode)
    i.RTC_ExitInitMode                       0x0800248c   Section        0  stm32f4xx_rtc.o(i.RTC_ExitInitMode)
    i.RTC_GetDate                            0x080024a0   Section        0  stm32f4xx_rtc.o(i.RTC_GetDate)
    i.RTC_GetTime                            0x080024ec   Section        0  stm32f4xx_rtc.o(i.RTC_GetTime)
    i.RTC_Init_Mode                          0x0800253c   Section        0  rtc.o(i.RTC_Init_Mode)
    i.RTC_SetDate                            0x0800257c   Section        0  stm32f4xx_rtc.o(i.RTC_SetDate)
    i.RTC_SetTime                            0x08002644   Section        0  stm32f4xx_rtc.o(i.RTC_SetTime)
    i.RTC_Set_Date                           0x08002714   Section        0  rtc.o(i.RTC_Set_Date)
    i.RTC_Set_Time                           0x0800273a   Section        0  rtc.o(i.RTC_Set_Time)
    i.RTC_WaitForSynchro                     0x08002760   Section        0  stm32f4xx_rtc.o(i.RTC_WaitForSynchro)
    i.RtcInit                                0x080027c0   Section        0  rtc.o(i.RtcInit)
    i.SHT20_readOneByte                      0x080028a4   Section        0  sht20.o(i.SHT20_readOneByte)
    SHT20_readOneByte                        0x080028a5   Thumb Code    16  sht20.o(i.SHT20_readOneByte)
    i.SHT20_readTemAndHum                    0x080028b4   Section        0  sht20.o(i.SHT20_readTemAndHum)
    i.SHT20_readTemOrHum                     0x080028d4   Section        0  sht20.o(i.SHT20_readTemOrHum)
    i.SHT20_setResolution                    0x080029a0   Section        0  sht20.o(i.SHT20_setResolution)
    SHT20_setResolution                      0x080029a1   Thumb Code    34  sht20.o(i.SHT20_setResolution)
    i.SHT20_writeOneByte                     0x080029c2   Section        0  sht20.o(i.SHT20_writeOneByte)
    SHT20_writeOneByte                       0x080029c3   Thumb Code    16  sht20.o(i.SHT20_writeOneByte)
    i.SPI1_ReadWriteByte                     0x080029d4   Section        0  oled.o(i.SPI1_ReadWriteByte)
    i.SetSysClock                            0x08002a04   Section        0  system_stm32f4xx.o(i.SetSysClock)
    SetSysClock                              0x08002a05   Thumb Code   216  system_stm32f4xx.o(i.SetSysClock)
    i.Show_Char                              0x08002aec   Section        0  oled.o(i.Show_Char)
    i.Show_Hanz                              0x08002b70   Section        0  oled.o(i.Show_Hanz)
    i.SysTick_Handler                        0x08002c18   Section        0  delay.o(i.SysTick_Handler)
    i.SystemInit                             0x08002c30   Section        0  system_stm32f4xx.o(i.SystemInit)
    i.SystickInit                            0x08002c98   Section        0  delay.o(i.SystickInit)
    i.TIM3_IRQHandler                        0x08002cec   Section        0  delay.o(i.TIM3_IRQHandler)
    i.TIM4_IRQHandler                        0x08002d1c   Section        0  main.o(i.TIM4_IRQHandler)
    i.TIM_ClearITPendingBit                  0x08002e14   Section        0  stm32f4xx_tim.o(i.TIM_ClearITPendingBit)
    i.TIM_Cmd                                0x08002e1a   Section        0  stm32f4xx_tim.o(i.TIM_Cmd)
    i.TIM_GetITStatus                        0x08002e32   Section        0  stm32f4xx_tim.o(i.TIM_GetITStatus)
    i.TIM_ITConfig                           0x08002e54   Section        0  stm32f4xx_tim.o(i.TIM_ITConfig)
    i.TIM_TimeBaseInit                       0x08002e68   Section        0  stm32f4xx_tim.o(i.TIM_TimeBaseInit)
    i.Tim3Init                               0x08002eec   Section        0  delay.o(i.Tim3Init)
    i.Tim4Init                               0x08002f50   Section        0  main.o(i.Tim4Init)
    i.USART1_IRQHandler                      0x08002fb8   Section        0  usart.o(i.USART1_IRQHandler)
    i.USART_Cmd                              0x08002fd8   Section        0  stm32f4xx_usart.o(i.USART_Cmd)
    i.USART_GetFlagStatus                    0x08002ff0   Section        0  stm32f4xx_usart.o(i.USART_GetFlagStatus)
    i.USART_GetITStatus                      0x0800300a   Section        0  stm32f4xx_usart.o(i.USART_GetITStatus)
    i.USART_ITConfig                         0x0800305e   Section        0  stm32f4xx_usart.o(i.USART_ITConfig)
    i.USART_Init                             0x080030a8   Section        0  stm32f4xx_usart.o(i.USART_Init)
    i.USART_ReceiveData                      0x0800317c   Section        0  stm32f4xx_usart.o(i.USART_ReceiveData)
    i.USART_SendData                         0x08003186   Section        0  stm32f4xx_usart.o(i.USART_SendData)
    i.Usart1SendByte                         0x08003190   Section        0  usart.o(i.Usart1SendByte)
    i.UsartInit                              0x080031b0   Section        0  usart.o(i.UsartInit)
    i.__0printf                              0x0800325c   Section        0  printfa.o(i.__0printf)
    i.__0sprintf                             0x0800327c   Section        0  printfa.o(i.__0sprintf)
    i.__scatterload_copy                     0x080032a4   Section       14  handlers.o(i.__scatterload_copy)
    i.__scatterload_null                     0x080032b2   Section        2  handlers.o(i.__scatterload_null)
    i.__scatterload_zeroinit                 0x080032b4   Section       14  handlers.o(i.__scatterload_zeroinit)
    i._fp_digits                             0x080032c4   Section        0  printfa.o(i._fp_digits)
    _fp_digits                               0x080032c5   Thumb Code   366  printfa.o(i._fp_digits)
    i._printf_core                           0x08003448   Section        0  printfa.o(i._printf_core)
    _printf_core                             0x08003449   Thumb Code  1744  printfa.o(i._printf_core)
    i._printf_post_padding                   0x08003b24   Section        0  printfa.o(i._printf_post_padding)
    _printf_post_padding                     0x08003b25   Thumb Code    36  printfa.o(i._printf_post_padding)
    i._printf_pre_padding                    0x08003b48   Section        0  printfa.o(i._printf_pre_padding)
    _printf_pre_padding                      0x08003b49   Thumb Code    46  printfa.o(i._printf_pre_padding)
    i._sputc                                 0x08003b76   Section        0  printfa.o(i._sputc)
    _sputc                                   0x08003b77   Thumb Code    10  printfa.o(i._sputc)
    i.bpress_page                            0x08003b80   Section        0  main.o(i.bpress_page)
    i.fputc                                  0x08003cac   Section        0  usart.o(i.fputc)
    i.kaiji                                  0x08003cbc   Section        0  oled.o(i.kaiji)
    i.main                                   0x08003dbc   Section        0  main.o(i.main)
    i.rate_page                              0x08003e5c   Section        0  main.o(i.rate_page)
    i.step_page                              0x08003f34   Section        0  main.o(i.step_page)
    i.th_page                                0x08004008   Section        0  main.o(i.th_page)
    i.time_page                              0x080040e8   Section        0  main.o(i.time_page)
    .constdata                               0x08004138   Section     9159  zimo.o(.constdata)
    .constdata                               0x08006500   Section      728  hp6.o(.constdata)
    .data                                    0x20000000   Section        8  delay.o(.data)
    .data                                    0x20000008   Section        4  key.o(.data)
    count                                    0x20000008   Data           4  key.o(.data)
    .data                                    0x2000000c   Section        8  rtc.o(.data)
    .data                                    0x20000014   Section        8  sht20.o(.data)
    .data                                    0x2000001c   Section       70  mpu6050.o(.data)
    .data                                    0x20000064   Section       10  main.o(.data)
    oldPulseVal                              0x2000006d   Data           1  main.o(.data)
    .data                                    0x2000006e   Section       16  stm32f4xx_rcc.o(.data)
    APBAHBPrescTable                         0x2000006e   Data          16  stm32f4xx_rcc.o(.data)
    .data                                    0x20000080   Section        4  stdout.o(.data)
    .bss                                     0x20000084   Section       40  rtc.o(.bss)
    .bss                                     0x200000ac   Section       48  hp6.o(.bss)
    tx_buf                                   0x200000ac   Data          24  hp6.o(.bss)
    rx_buf                                   0x200000c4   Data          24  hp6.o(.bss)
    .bss                                     0x200000dc   Section      342  mpu6050.o(.bss)
    STACK                                    0x20000238   Section     4096  startup_stm32f411xe.o(STACK)

    Global Symbols

    Symbol Name                              Value     Ov Type        Size  Object(Section)

    BuildAttributes$$THM_ISAv4$E$P$D$K$B$S$7EM$VFPi3$EXTD16$VFPS$VFMA$PE$A:L22UL41UL21$X:L11$S22US41US21$IEEE1$IW$USESV6$~STKCKD$USESV7$~SHL$OTIME$ROPI$EBA8$MICROLIB$REQ8$PRES8$EABIv2 0x00000000   Number         0  anon$$obj.o ABSOLUTE
    __ARM_use_no_argv                        0x00000000   Number         0  main.o ABSOLUTE
    _printf_a                                0x00000000   Number         0  stubs.o ABSOLUTE
    _printf_c                                0x00000000   Number         0  stubs.o ABSOLUTE
    _printf_charcount                        0x00000000   Number         0  stubs.o ABSOLUTE
    _printf_d                                0x00000000   Number         0  stubs.o ABSOLUTE
    _printf_e                                0x00000000   Number         0  stubs.o ABSOLUTE
    _printf_f                                0x00000000   Number         0  stubs.o ABSOLUTE
    _printf_flags                            0x00000000   Number         0  stubs.o ABSOLUTE
    _printf_fp_dec                           0x00000000   Number         0  stubs.o ABSOLUTE
    _printf_fp_hex                           0x00000000   Number         0  stubs.o ABSOLUTE
    _printf_g                                0x00000000   Number         0  stubs.o ABSOLUTE
    _printf_i                                0x00000000   Number         0  stubs.o ABSOLUTE
    _printf_int_dec                          0x00000000   Number         0  stubs.o ABSOLUTE
    _printf_l                                0x00000000   Number         0  stubs.o ABSOLUTE
    _printf_lc                               0x00000000   Number         0  stubs.o ABSOLUTE
    _printf_ll                               0x00000000   Number         0  stubs.o ABSOLUTE
    _printf_lld                              0x00000000   Number         0  stubs.o ABSOLUTE
    _printf_lli                              0x00000000   Number         0  stubs.o ABSOLUTE
    _printf_llo                              0x00000000   Number         0  stubs.o ABSOLUTE
    _printf_llu                              0x00000000   Number         0  stubs.o ABSOLUTE
    _printf_llx                              0x00000000   Number         0  stubs.o ABSOLUTE
    _printf_longlong_dec                     0x00000000   Number         0  stubs.o ABSOLUTE
    _printf_longlong_hex                     0x00000000   Number         0  stubs.o ABSOLUTE
    _printf_longlong_oct                     0x00000000   Number         0  stubs.o ABSOLUTE
    _printf_ls                               0x00000000   Number         0  stubs.o ABSOLUTE
    _printf_mbtowc                           0x00000000   Number         0  stubs.o ABSOLUTE
    _printf_n                                0x00000000   Number         0  stubs.o ABSOLUTE
    _printf_o                                0x00000000   Number         0  stubs.o ABSOLUTE
    _printf_p                                0x00000000   Number         0  stubs.o ABSOLUTE
    _printf_percent                          0x00000000   Number         0  stubs.o ABSOLUTE
    _printf_pre_padding                      0x00000000   Number         0  stubs.o ABSOLUTE
    _printf_return_value                     0x00000000   Number         0  stubs.o ABSOLUTE
    _printf_s                                0x00000000   Number         0  stubs.o ABSOLUTE
    _printf_sizespec                         0x00000000   Number         0  stubs.o ABSOLUTE
    _printf_str                              0x00000000   Number         0  stubs.o ABSOLUTE
    _printf_truncate_signed                  0x00000000   Number         0  stubs.o ABSOLUTE
    _printf_truncate_unsigned                0x00000000   Number         0  stubs.o ABSOLUTE
    _printf_u                                0x00000000   Number         0  stubs.o ABSOLUTE
    _printf_wc                               0x00000000   Number         0  stubs.o ABSOLUTE
    _printf_wctomb                           0x00000000   Number         0  stubs.o ABSOLUTE
    _printf_widthprec                        0x00000000   Number         0  stubs.o ABSOLUTE
    _printf_x                                0x00000000   Number         0  stubs.o ABSOLUTE
    __cpp_initialize__aeabi_                  - Undefined Weak Reference
    __cxa_finalize                            - Undefined Weak Reference
    __decompress                              - Undefined Weak Reference
    _clock_init                               - Undefined Weak Reference
    _microlib_exit                            - Undefined Weak Reference
    __Vectors_Size                           0x00000198   Number         0  startup_stm32f411xe.o ABSOLUTE
    __Vectors                                0x08000000   Data           4  startup_stm32f411xe.o(RESET)
    __Vectors_End                            0x08000198   Data           0  startup_stm32f411xe.o(RESET)
    __main                                   0x08000199   Thumb Code     0  entry.o(.ARM.Collect$$$$00000000)
    _main_stk                                0x08000199   Thumb Code     0  entry2.o(.ARM.Collect$$$$00000001)
    _main_scatterload                        0x0800019d   Thumb Code     0  entry5.o(.ARM.Collect$$$$00000004)
    __main_after_scatterload                 0x080001a1   Thumb Code     0  entry5.o(.ARM.Collect$$$$00000004)
    _main_clock                              0x080001a1   Thumb Code     0  entry7b.o(.ARM.Collect$$$$00000008)
    _main_cpp_init                           0x080001a1   Thumb Code     0  entry8b.o(.ARM.Collect$$$$0000000A)
    _main_init                               0x080001a1   Thumb Code     0  entry9a.o(.ARM.Collect$$$$0000000B)
    __rt_final_cpp                           0x080001a9   Thumb Code     0  entry10a.o(.ARM.Collect$$$$0000000D)
    __rt_final_exit                          0x080001a9   Thumb Code     0  entry11a.o(.ARM.Collect$$$$0000000F)
    Reset_Handler                            0x080001ad   Thumb Code     8  startup_stm32f411xe.o(.text)
    NMI_Handler                              0x080001b5   Thumb Code     2  startup_stm32f411xe.o(.text)
    HardFault_Handler                        0x080001b7   Thumb Code     2  startup_stm32f411xe.o(.text)
    MemManage_Handler                        0x080001b9   Thumb Code     2  startup_stm32f411xe.o(.text)
    BusFault_Handler                         0x080001bb   Thumb Code     2  startup_stm32f411xe.o(.text)
    UsageFault_Handler                       0x080001bd   Thumb Code     2  startup_stm32f411xe.o(.text)
    SVC_Handler                              0x080001bf   Thumb Code     2  startup_stm32f411xe.o(.text)
    DebugMon_Handler                         0x080001c1   Thumb Code     2  startup_stm32f411xe.o(.text)
    PendSV_Handler                           0x080001c3   Thumb Code     2  startup_stm32f411xe.o(.text)
    ADC_IRQHandler                           0x080001c7   Thumb Code     0  startup_stm32f411xe.o(.text)
    DMA1_Stream0_IRQHandler                  0x080001c7   Thumb Code     0  startup_stm32f411xe.o(.text)
    DMA1_Stream1_IRQHandler                  0x080001c7   Thumb Code     0  startup_stm32f411xe.o(.text)
    DMA1_Stream2_IRQHandler                  0x080001c7   Thumb Code     0  startup_stm32f411xe.o(.text)
    DMA1_Stream3_IRQHandler                  0x080001c7   Thumb Code     0  startup_stm32f411xe.o(.text)
    DMA1_Stream4_IRQHandler                  0x080001c7   Thumb Code     0  startup_stm32f411xe.o(.text)
    DMA1_Stream5_IRQHandler                  0x080001c7   Thumb Code     0  startup_stm32f411xe.o(.text)
    DMA1_Stream6_IRQHandler                  0x080001c7   Thumb Code     0  startup_stm32f411xe.o(.text)
    DMA1_Stream7_IRQHandler                  0x080001c7   Thumb Code     0  startup_stm32f411xe.o(.text)
    DMA2_Stream0_IRQHandler                  0x080001c7   Thumb Code     0  startup_stm32f411xe.o(.text)
    DMA2_Stream1_IRQHandler                  0x080001c7   Thumb Code     0  startup_stm32f411xe.o(.text)
    DMA2_Stream2_IRQHandler                  0x080001c7   Thumb Code     0  startup_stm32f411xe.o(.text)
    DMA2_Stream3_IRQHandler                  0x080001c7   Thumb Code     0  startup_stm32f411xe.o(.text)
    DMA2_Stream4_IRQHandler                  0x080001c7   Thumb Code     0  startup_stm32f411xe.o(.text)
    DMA2_Stream5_IRQHandler                  0x080001c7   Thumb Code     0  startup_stm32f411xe.o(.text)
    DMA2_Stream6_IRQHandler                  0x080001c7   Thumb Code     0  startup_stm32f411xe.o(.text)
    DMA2_Stream7_IRQHandler                  0x080001c7   Thumb Code     0  startup_stm32f411xe.o(.text)
    EXTI0_IRQHandler                         0x080001c7   Thumb Code     0  startup_stm32f411xe.o(.text)
    EXTI15_10_IRQHandler                     0x080001c7   Thumb Code     0  startup_stm32f411xe.o(.text)
    EXTI1_IRQHandler                         0x080001c7   Thumb Code     0  startup_stm32f411xe.o(.text)
    EXTI2_IRQHandler                         0x080001c7   Thumb Code     0  startup_stm32f411xe.o(.text)
    EXTI3_IRQHandler                         0x080001c7   Thumb Code     0  startup_stm32f411xe.o(.text)
    EXTI4_IRQHandler                         0x080001c7   Thumb Code     0  startup_stm32f411xe.o(.text)
    EXTI9_5_IRQHandler                       0x080001c7   Thumb Code     0  startup_stm32f411xe.o(.text)
    FLASH_IRQHandler                         0x080001c7   Thumb Code     0  startup_stm32f411xe.o(.text)
    FPU_IRQHandler                           0x080001c7   Thumb Code     0  startup_stm32f411xe.o(.text)
    I2C1_ER_IRQHandler                       0x080001c7   Thumb Code     0  startup_stm32f411xe.o(.text)
    I2C1_EV_IRQHandler                       0x080001c7   Thumb Code     0  startup_stm32f411xe.o(.text)
    I2C2_ER_IRQHandler                       0x080001c7   Thumb Code     0  startup_stm32f411xe.o(.text)
    I2C2_EV_IRQHandler                       0x080001c7   Thumb Code     0  startup_stm32f411xe.o(.text)
    I2C3_ER_IRQHandler                       0x080001c7   Thumb Code     0  startup_stm32f411xe.o(.text)
    I2C3_EV_IRQHandler                       0x080001c7   Thumb Code     0  startup_stm32f411xe.o(.text)
    OTG_FS_IRQHandler                        0x080001c7   Thumb Code     0  startup_stm32f411xe.o(.text)
    OTG_FS_WKUP_IRQHandler                   0x080001c7   Thumb Code     0  startup_stm32f411xe.o(.text)
    PVD_IRQHandler                           0x080001c7   Thumb Code     0  startup_stm32f411xe.o(.text)
    RCC_IRQHandler                           0x080001c7   Thumb Code     0  startup_stm32f411xe.o(.text)
    RTC_Alarm_IRQHandler                     0x080001c7   Thumb Code     0  startup_stm32f411xe.o(.text)
    RTC_WKUP_IRQHandler                      0x080001c7   Thumb Code     0  startup_stm32f411xe.o(.text)
    SDIO_IRQHandler                          0x080001c7   Thumb Code     0  startup_stm32f411xe.o(.text)
    SPI1_IRQHandler                          0x080001c7   Thumb Code     0  startup_stm32f411xe.o(.text)
    SPI2_IRQHandler                          0x080001c7   Thumb Code     0  startup_stm32f411xe.o(.text)
    SPI3_IRQHandler                          0x080001c7   Thumb Code     0  startup_stm32f411xe.o(.text)
    SPI4_IRQHandler                          0x080001c7   Thumb Code     0  startup_stm32f411xe.o(.text)
    SPI5_IRQHandler                          0x080001c7   Thumb Code     0  startup_stm32f411xe.o(.text)
    TAMP_STAMP_IRQHandler                    0x080001c7   Thumb Code     0  startup_stm32f411xe.o(.text)
    TIM1_BRK_TIM9_IRQHandler                 0x080001c7   Thumb Code     0  startup_stm32f411xe.o(.text)
    TIM1_CC_IRQHandler                       0x080001c7   Thumb Code     0  startup_stm32f411xe.o(.text)
    TIM1_TRG_COM_TIM11_IRQHandler            0x080001c7   Thumb Code     0  startup_stm32f411xe.o(.text)
    TIM1_UP_TIM10_IRQHandler                 0x080001c7   Thumb Code     0  startup_stm32f411xe.o(.text)
    TIM2_IRQHandler                          0x080001c7   Thumb Code     0  startup_stm32f411xe.o(.text)
    TIM5_IRQHandler                          0x080001c7   Thumb Code     0  startup_stm32f411xe.o(.text)
    USART2_IRQHandler                        0x080001c7   Thumb Code     0  startup_stm32f411xe.o(.text)
    USART6_IRQHandler                        0x080001c7   Thumb Code     0  startup_stm32f411xe.o(.text)
    WWDG_IRQHandler                          0x080001c7   Thumb Code     0  startup_stm32f411xe.o(.text)
    __aeabi_memset                           0x080001d1   Thumb Code    14  memseta.o(.text)
    __aeabi_memset4                          0x080001d1   Thumb Code     0  memseta.o(.text)
    __aeabi_memset8                          0x080001d1   Thumb Code     0  memseta.o(.text)
    __aeabi_memclr                           0x080001df   Thumb Code     4  memseta.o(.text)
    __aeabi_memclr4                          0x080001df   Thumb Code     0  memseta.o(.text)
    __aeabi_memclr8                          0x080001df   Thumb Code     0  memseta.o(.text)
    _memset$wrapper                          0x080001e3   Thumb Code    18  memseta.o(.text)
    strlen                                   0x080001f5   Thumb Code    14  strlen.o(.text)
    __aeabi_dadd                             0x08000203   Thumb Code   322  dadd.o(.text)
    __aeabi_dsub                             0x08000345   Thumb Code     6  dadd.o(.text)
    __aeabi_drsub                            0x0800034b   Thumb Code     6  dadd.o(.text)
    __aeabi_ddiv                             0x08000351   Thumb Code   222  ddiv.o(.text)
    __aeabi_f2d                              0x0800042f   Thumb Code    38  f2d.o(.text)
    __aeabi_uidiv                            0x08000455   Thumb Code     0  uidiv.o(.text)
    __aeabi_uidivmod                         0x08000455   Thumb Code    44  uidiv.o(.text)
    __aeabi_uldivmod                         0x08000481   Thumb Code    98  uldiv.o(.text)
    __aeabi_llsl                             0x080004e3   Thumb Code    30  llshl.o(.text)
    _ll_shift_l                              0x080004e3   Thumb Code     0  llshl.o(.text)
    __aeabi_lasr                             0x08000501   Thumb Code    36  llsshr.o(.text)
    _ll_sshift_r                             0x08000501   Thumb Code     0  llsshr.o(.text)
    __I$use$fp                               0x08000525   Thumb Code     0  iusefp.o(.text)
    _double_round                            0x08000525   Thumb Code    30  depilogue.o(.text)
    _double_epilogue                         0x08000543   Thumb Code   156  depilogue.o(.text)
    __aeabi_dmul                             0x080005df   Thumb Code   228  dmul.o(.text)
    __aeabi_d2ulz                            0x080006c3   Thumb Code    48  dfixul.o(.text)
    __aeabi_cdrcmple                         0x080006f5   Thumb Code    48  cdrcmple.o(.text)
    __scatterload                            0x08000725   Thumb Code    28  init.o(.text)
    __scatterload_rt2                        0x08000725   Thumb Code     0  init.o(.text)
    __aeabi_llsr                             0x08000749   Thumb Code    32  llushr.o(.text)
    _ll_ushift_r                             0x08000749   Thumb Code     0  llushr.o(.text)
    CountStep                                0x08000769   Thumb Code  2078  mpu6050.o(i.CountStep)
    Crc16                                    0x08000fa1   Thumb Code    42  hp6.o(i.Crc16)
    DataSelect                               0x08000fd1   Thumb Code    96  mpu6050.o(i.DataSelect)
    Delayms                                  0x08001031   Thumb Code    20  delay.o(i.Delayms)
    Delayus                                  0x08001049   Thumb Code    36  delay.o(i.Delayus)
    GPIO_Init                                0x08001075   Thumb Code   144  stm32f4xx_gpio.o(i.GPIO_Init)
    GPIO_PinAFConfig                         0x08001105   Thumb Code    70  stm32f4xx_gpio.o(i.GPIO_PinAFConfig)
    GPIO_ReadInputDataBit                    0x0800114b   Thumb Code    18  stm32f4xx_gpio.o(i.GPIO_ReadInputDataBit)
    GPIO_ResetBits                           0x0800115d   Thumb Code     4  stm32f4xx_gpio.o(i.GPIO_ResetBits)
    GPIO_SetBits                             0x08001161   Thumb Code     4  stm32f4xx_gpio.o(i.GPIO_SetBits)
    GPIO_WriteBit                            0x08001165   Thumb Code    10  stm32f4xx_gpio.o(i.GPIO_WriteBit)
    GetDate                                  0x08001171   Thumb Code   196  rtc.o(i.GetDate)
    GetTime                                  0x0800128d   Thumb Code    56  rtc.o(i.GetTime)
    HP6IIC_Init                              0x080012e5   Thumb Code    64  hp6_iic.o(i.HP6IIC_Init)
    HP6IIC_ReadByte                          0x0800132d   Thumb Code   116  hp6_iic.o(i.HP6IIC_ReadByte)
    HP6IIC_Start                             0x080013a5   Thumb Code    44  hp6_iic.o(i.HP6IIC_Start)
    HP6IIC_Stop                              0x080013d5   Thumb Code    40  hp6_iic.o(i.HP6IIC_Stop)
    HP6IIC_WriteByte                         0x08001401   Thumb Code   118  hp6_iic.o(i.HP6IIC_WriteByte)
    HP_6_CloseBp                             0x0800147d   Thumb Code    48  hp6.o(i.HP_6_CloseBp)
    HP_6_CloseRate                           0x080014bd   Thumb Code    48  hp6.o(i.HP_6_CloseRate)
    HP_6_GetBpResult                         0x080014fd   Thumb Code    30  hp6.o(i.HP_6_GetBpResult)
    HP_6_GetRateResult                       0x08001529   Thumb Code    30  hp6.o(i.HP_6_GetRateResult)
    HP_6_GetResultData                       0x08001555   Thumb Code    32  hp6.o(i.HP_6_GetResultData)
    HP_6_OpenBp                              0x08001579   Thumb Code    42  hp6.o(i.HP_6_OpenBp)
    HP_6_OpenRate                            0x080015b5   Thumb Code    42  hp6.o(i.HP_6_OpenRate)
    HP_6_SendCmd                             0x080015f1   Thumb Code    70  hp6.o(i.HP_6_SendCmd)
    Hp_6_I2CRead                             0x08001637   Thumb Code    64  hp6.o(i.Hp_6_I2CRead)
    Hp_6_I2CWrite                            0x08001677   Thumb Code    50  hp6.o(i.Hp_6_I2CWrite)
    Hp_6_init                                0x080016a9   Thumb Code    88  hp6.o(i.Hp_6_init)
    IIC_PinInit                              0x0800170d   Thumb Code   108  i2c.o(i.IIC_PinInit)
    IIC_ReadByte                             0x08001781   Thumb Code   158  i2c.o(i.IIC_ReadByte)
    IIC_Start                                0x08001825   Thumb Code    68  i2c.o(i.IIC_Start)
    IIC_Stop                                 0x0800186d   Thumb Code    58  i2c.o(i.IIC_Stop)
    IIC_WriteByte                            0x080018ad   Thumb Code   160  i2c.o(i.IIC_WriteByte)
    KEY_ADC_Init                             0x08001951   Thumb Code   178  key.o(i.KEY_ADC_Init)
    KEY_Get_ADC                              0x08001a15   Thumb Code    54  key.o(i.KEY_Get_ADC)
    Key_AdcScan                              0x08001a51   Thumb Code   176  key.o(i.Key_AdcScan)
    Key_Init                                 0x08001b01   Thumb Code    34  key.o(i.Key_Init)
    Key_Scan                                 0x08001b29   Thumb Code    72  key.o(i.Key_Scan)
    LedInit                                  0x08001b79   Thumb Code    62  led.o(i.LedInit)
    Low_Power                                0x08001bbd   Thumb Code    42  main.o(i.Low_Power)
    MPU_Get_Accelerometer                    0x08001bf1   Thumb Code    80  mpu6050.o(i.MPU_Get_Accelerometer)
    MPU_Init                                 0x08001c41   Thumb Code   112  mpu6050.o(i.MPU_Init)
    MPU_Read_Byte                            0x08001cb1   Thumb Code    46  mpu6050.o(i.MPU_Read_Byte)
    MPU_Read_Len                             0x08001cdf   Thumb Code    94  mpu6050.o(i.MPU_Read_Len)
    MPU_Set_Accel_Fsr                        0x08001d3d   Thumb Code    16  mpu6050.o(i.MPU_Set_Accel_Fsr)
    MPU_Set_LPF                              0x08001d4d   Thumb Code    58  mpu6050.o(i.MPU_Set_LPF)
    MPU_Set_Rate                             0x08001d87   Thumb Code    58  mpu6050.o(i.MPU_Set_Rate)
    MPU_Write_Byte                           0x08001dc1   Thumb Code    36  mpu6050.o(i.MPU_Write_Byte)
    NVIC_Init                                0x08001de5   Thumb Code   106  misc.o(i.NVIC_Init)
    NVIC_PriorityGroupConfig                 0x08001e5d   Thumb Code    10  misc.o(i.NVIC_PriorityGroupConfig)
    OLED_Chin_Eng                            0x08001e71   Thumb Code    86  oled.o(i.OLED_Chin_Eng)
    OLED_Config                              0x08001ec7   Thumb Code   210  oled.o(i.OLED_Config)
    OLED_GPIO_Init                           0x08001f99   Thumb Code   488  oled.o(i.OLED_GPIO_Init)
    OLED_Init                                0x08002191   Thumb Code    26  oled.o(i.OLED_Init)
    OLED_REST                                0x080021b1   Thumb Code    54  oled.o(i.OLED_REST)
    OLED_ReadWriteByte                       0x080021ed   Thumb Code    60  oled.o(i.OLED_ReadWriteByte)
    OLED_Set_Pos                             0x08002231   Thumb Code    72  oled.o(i.OLED_Set_Pos)
    OLED_clear                               0x08002279   Thumb Code    70  oled.o(i.OLED_clear)
    RCC_AHB1PeriphClockCmd                   0x080022c1   Thumb Code    26  stm32f4xx_rcc.o(i.RCC_AHB1PeriphClockCmd)
    RCC_APB1PeriphClockCmd                   0x080022e1   Thumb Code    26  stm32f4xx_rcc.o(i.RCC_APB1PeriphClockCmd)
    RCC_APB2PeriphClockCmd                   0x08002301   Thumb Code    26  stm32f4xx_rcc.o(i.RCC_APB2PeriphClockCmd)
    RCC_GetClocksFreq                        0x08002321   Thumb Code   214  stm32f4xx_rcc.o(i.RCC_GetClocksFreq)
    RTC_EnterInitMode                        0x0800243d   Thumb Code    76  stm32f4xx_rtc.o(i.RTC_EnterInitMode)
    RTC_ExitInitMode                         0x0800248d   Thumb Code    14  stm32f4xx_rtc.o(i.RTC_ExitInitMode)
    RTC_GetDate                              0x080024a1   Thumb Code    68  stm32f4xx_rtc.o(i.RTC_GetDate)
    RTC_GetTime                              0x080024ed   Thumb Code    72  stm32f4xx_rtc.o(i.RTC_GetTime)
    RTC_Init_Mode                            0x0800253d   Thumb Code    58  rtc.o(i.RTC_Init_Mode)
    RTC_SetDate                              0x0800257d   Thumb Code   190  stm32f4xx_rtc.o(i.RTC_SetDate)
    RTC_SetTime                              0x08002645   Thumb Code   198  stm32f4xx_rtc.o(i.RTC_SetTime)
    RTC_Set_Date                             0x08002715   Thumb Code    38  rtc.o(i.RTC_Set_Date)
    RTC_Set_Time                             0x0800273b   Thumb Code    38  rtc.o(i.RTC_Set_Time)
    RTC_WaitForSynchro                       0x08002761   Thumb Code    92  stm32f4xx_rtc.o(i.RTC_WaitForSynchro)
    RtcInit                                  0x080027c1   Thumb Code   214  rtc.o(i.RtcInit)
    SHT20_readTemAndHum                      0x080028b5   Thumb Code    28  sht20.o(i.SHT20_readTemAndHum)
    SHT20_readTemOrHum                       0x080028d5   Thumb Code   186  sht20.o(i.SHT20_readTemOrHum)
    SPI1_ReadWriteByte                       0x080029d5   Thumb Code    42  oled.o(i.SPI1_ReadWriteByte)
    Show_Char                                0x08002aed   Thumb Code   124  oled.o(i.Show_Char)
    Show_Hanz                                0x08002b71   Thumb Code   158  oled.o(i.Show_Hanz)
    SysTick_Handler                          0x08002c19   Thumb Code    18  delay.o(i.SysTick_Handler)
    SystemInit                               0x08002c31   Thumb Code    88  system_stm32f4xx.o(i.SystemInit)
    SystickInit                              0x08002c99   Thumb Code    72  delay.o(i.SystickInit)
    TIM3_IRQHandler                          0x08002ced   Thumb Code    40  delay.o(i.TIM3_IRQHandler)
    TIM4_IRQHandler                          0x08002d1d   Thumb Code   226  main.o(i.TIM4_IRQHandler)
    TIM_ClearITPendingBit                    0x08002e15   Thumb Code     6  stm32f4xx_tim.o(i.TIM_ClearITPendingBit)
    TIM_Cmd                                  0x08002e1b   Thumb Code    24  stm32f4xx_tim.o(i.TIM_Cmd)
    TIM_GetITStatus                          0x08002e33   Thumb Code    34  stm32f4xx_tim.o(i.TIM_GetITStatus)
    TIM_ITConfig                             0x08002e55   Thumb Code    18  stm32f4xx_tim.o(i.TIM_ITConfig)
    TIM_TimeBaseInit                         0x08002e69   Thumb Code   104  stm32f4xx_tim.o(i.TIM_TimeBaseInit)
    Tim3Init                                 0x08002eed   Thumb Code    94  delay.o(i.Tim3Init)
    Tim4Init                                 0x08002f51   Thumb Code   100  main.o(i.Tim4Init)
    USART1_IRQHandler                        0x08002fb9   Thumb Code    26  usart.o(i.USART1_IRQHandler)
    USART_Cmd                                0x08002fd9   Thumb Code    24  stm32f4xx_usart.o(i.USART_Cmd)
    USART_GetFlagStatus                      0x08002ff1   Thumb Code    26  stm32f4xx_usart.o(i.USART_GetFlagStatus)
    USART_GetITStatus                        0x0800300b   Thumb Code    84  stm32f4xx_usart.o(i.USART_GetITStatus)
    USART_ITConfig                           0x0800305f   Thumb Code    74  stm32f4xx_usart.o(i.USART_ITConfig)
    USART_Init                               0x080030a9   Thumb Code   204  stm32f4xx_usart.o(i.USART_Init)
    USART_ReceiveData                        0x0800317d   Thumb Code    10  stm32f4xx_usart.o(i.USART_ReceiveData)
    USART_SendData                           0x08003187   Thumb Code     8  stm32f4xx_usart.o(i.USART_SendData)
    Usart1SendByte                           0x08003191   Thumb Code    28  usart.o(i.Usart1SendByte)
    UsartInit                                0x080031b1   Thumb Code   164  usart.o(i.UsartInit)
    __0printf                                0x0800325d   Thumb Code    22  printfa.o(i.__0printf)
    __1printf                                0x0800325d   Thumb Code     0  printfa.o(i.__0printf)
    __2printf                                0x0800325d   Thumb Code     0  printfa.o(i.__0printf)
    __c89printf                              0x0800325d   Thumb Code     0  printfa.o(i.__0printf)
    printf                                   0x0800325d   Thumb Code     0  printfa.o(i.__0printf)
    __0sprintf                               0x0800327d   Thumb Code    34  printfa.o(i.__0sprintf)
    __1sprintf                               0x0800327d   Thumb Code     0  printfa.o(i.__0sprintf)
    __2sprintf                               0x0800327d   Thumb Code     0  printfa.o(i.__0sprintf)
    __c89sprintf                             0x0800327d   Thumb Code     0  printfa.o(i.__0sprintf)
    sprintf                                  0x0800327d   Thumb Code     0  printfa.o(i.__0sprintf)
    __scatterload_copy                       0x080032a5   Thumb Code    14  handlers.o(i.__scatterload_copy)
    __scatterload_null                       0x080032b3   Thumb Code     2  handlers.o(i.__scatterload_null)
    __scatterload_zeroinit                   0x080032b5   Thumb Code    14  handlers.o(i.__scatterload_zeroinit)
    bpress_page                              0x08003b81   Thumb Code   232  main.o(i.bpress_page)
    fputc                                    0x08003cad   Thumb Code    16  usart.o(i.fputc)
    kaiji                                    0x08003cbd   Thumb Code   212  oled.o(i.kaiji)
    main                                     0x08003dbd   Thumb Code   154  main.o(i.main)
    rate_page                                0x08003e5d   Thumb Code   176  main.o(i.rate_page)
    step_page                                0x08003f35   Thumb Code   156  main.o(i.step_page)
    th_page                                  0x08004009   Thumb Code   188  main.o(i.th_page)
    time_page                                0x080040e9   Thumb Code    68  main.o(i.time_page)
    ASII_8X16                                0x08004138   Data        1520  zimo.o(.constdata)
    ASII_12X24                               0x08004728   Data        3420  zimo.o(.constdata)
    kong16_16                                0x08005484   Data          32  zimo.o(.constdata)
    fangx16_16                               0x080054a4   Data          72  zimo.o(.constdata)
    HanZ_list                                0x080054ec   Data         243  zimo.o(.constdata)
    HanZ_16X16                               0x080055df   Data        3872  zimo.o(.constdata)
    crc16_tab                                0x08006500   Data         512  hp6.o(.constdata)
    cmd_bp_open                              0x08006700   Data          24  hp6.o(.constdata)
    cmd_bp_close                             0x08006718   Data          24  hp6.o(.constdata)
    cmd_bp_result                            0x08006730   Data          24  hp6.o(.constdata)
    cmd_rate_open                            0x08006748   Data          24  hp6.o(.constdata)
    cmd_rate_close                           0x08006760   Data          24  hp6.o(.constdata)
    cmd_rate_result                          0x08006778   Data          24  hp6.o(.constdata)
    cmd_get_adc                              0x08006790   Data          24  hp6.o(.constdata)
    cmd_set_powersaving                      0x080067a8   Data          24  hp6.o(.constdata)
    cmd_get_version                          0x080067c0   Data          24  hp6.o(.constdata)
    Region$$Table$$Base                      0x080067d8   Number         0  anon$$obj.o(Region$$Table)
    Region$$Table$$Limit                     0x080067f8   Number         0  anon$$obj.o(Region$$Table)
    utim_delay                               0x20000000   Data           4  delay.o(.data)
    mtim_delay                               0x20000004   Data           4  delay.o(.data)
    RTC_TimeStruct                           0x2000000c   Data           4  rtc.o(.data)
    RTC_DateStruct                           0x20000010   Data           4  rtc.o(.data)
    temp_humi_Value                          0x20000014   Data           8  sht20.o(.data)
    m                                        0x2000001c   Data           2  mpu6050.o(.data)
    n                                        0x2000001e   Data           1  mpu6050.o(.data)
    DateBufferX                              0x20000020   Data          20  mpu6050.o(.data)
    DateBufferY                              0x20000034   Data          20  mpu6050.o(.data)
    DateBufferZ                              0x20000048   Data          20  mpu6050.o(.data)
    StepCount                                0x2000005c   Data           2  mpu6050.o(.data)
    StepFlag                                 0x2000005e   Data           1  mpu6050.o(.data)
    InitFlag                                 0x2000005f   Data           1  mpu6050.o(.data)
    m_count                                  0x20000060   Data           1  mpu6050.o(.data)
    GMeterAmax                               0x20000061   Data           1  mpu6050.o(.data)
    num                                      0x20000064   Data           4  main.o(.data)
    Mode                                     0x20000068   Data           1  main.o(.data)
    power_time                               0x2000006a   Data           2  main.o(.data)
    key_flag                                 0x2000006c   Data           1  main.o(.data)
    __stdout                                 0x20000080   Data           4  stdout.o(.data)
    current_time                             0x20000084   Data          20  rtc.o(.bss)
    current_date                             0x20000098   Data          20  rtc.o(.bss)
    GMeter                                   0x200000dc   Data         342  mpu6050.o(.bss)
    __initial_sp                             0x20001238   Data           0  startup_stm32f411xe.o(STACK)



==============================================================================

Memory Map of the image

  Image Entry point : 0x08000199

  Load Region LR_IROM1 (Base: 0x08000000, Size: 0x0000687c, Max: 0x00080000, ABSOLUTE)

    Execution Region ER_IROM1 (Exec base: 0x08000000, Load base: 0x08000000, Size: 0x000067f8, Max: 0x00080000, ABSOLUTE)

    Exec Addr    Load Addr    Size         Type   Attr      Idx    E Section Name        Object

    0x08000000   0x08000000   0x00000198   Data   RO            3    RESET               startup_stm32f411xe.o
    0x08000198   0x08000198   0x00000000   Code   RO         5803  * .ARM.Collect$$$$00000000  mc_w.l(entry.o)
    0x08000198   0x08000198   0x00000004   Code   RO         6081    .ARM.Collect$$$$00000001  mc_w.l(entry2.o)
    0x0800019c   0x0800019c   0x00000004   Code   RO         6084    .ARM.Collect$$$$00000004  mc_w.l(entry5.o)
    0x080001a0   0x080001a0   0x00000000   Code   RO         6086    .ARM.Collect$$$$00000008  mc_w.l(entry7b.o)
    0x080001a0   0x080001a0   0x00000000   Code   RO         6088    .ARM.Collect$$$$0000000A  mc_w.l(entry8b.o)
    0x080001a0   0x080001a0   0x00000008   Code   RO         6089    .ARM.Collect$$$$0000000B  mc_w.l(entry9a.o)
    0x080001a8   0x080001a8   0x00000000   Code   RO         6091    .ARM.Collect$$$$0000000D  mc_w.l(entry10a.o)
    0x080001a8   0x080001a8   0x00000000   Code   RO         6093    .ARM.Collect$$$$0000000F  mc_w.l(entry11a.o)
    0x080001a8   0x080001a8   0x00000004   Code   RO         6082    .ARM.Collect$$$$00002712  mc_w.l(entry2.o)
    0x080001ac   0x080001ac   0x00000024   Code   RO            4    .text               startup_stm32f411xe.o
    0x080001d0   0x080001d0   0x00000024   Code   RO         5806    .text               mc_w.l(memseta.o)
    0x080001f4   0x080001f4   0x0000000e   Code   RO         5808    .text               mc_w.l(strlen.o)
    0x08000202   0x08000202   0x0000014e   Code   RO         6071    .text               mf_w.l(dadd.o)
    0x08000350   0x08000350   0x000000de   Code   RO         6073    .text               mf_w.l(ddiv.o)
    0x0800042e   0x0800042e   0x00000026   Code   RO         6077    .text               mf_w.l(f2d.o)
    0x08000454   0x08000454   0x0000002c   Code   RO         6096    .text               mc_w.l(uidiv.o)
    0x08000480   0x08000480   0x00000062   Code   RO         6098    .text               mc_w.l(uldiv.o)
    0x080004e2   0x080004e2   0x0000001e   Code   RO         6100    .text               mc_w.l(llshl.o)
    0x08000500   0x08000500   0x00000024   Code   RO         6102    .text               mc_w.l(llsshr.o)
    0x08000524   0x08000524   0x00000000   Code   RO         6104    .text               mc_w.l(iusefp.o)
    0x08000524   0x08000524   0x000000ba   Code   RO         6107    .text               mf_w.l(depilogue.o)
    0x080005de   0x080005de   0x000000e4   Code   RO         6109    .text               mf_w.l(dmul.o)
    0x080006c2   0x080006c2   0x00000030   Code   RO         6111    .text               mf_w.l(dfixul.o)
    0x080006f2   0x080006f2   0x00000002   PAD
    0x080006f4   0x080006f4   0x00000030   Code   RO         6113    .text               mf_w.l(cdrcmple.o)
    0x08000724   0x08000724   0x00000024   Code   RO         6115    .text               mc_w.l(init.o)
    0x08000748   0x08000748   0x00000020   Code   RO         6117    .text               mc_w.l(llushr.o)
    0x08000768   0x08000768   0x00000838   Code   RO          761    i.CountStep         mpu6050.o
    0x08000fa0   0x08000fa0   0x00000030   Code   RO          634    i.Crc16             hp6.o
    0x08000fd0   0x08000fd0   0x00000060   Code   RO          762    i.DataSelect        mpu6050.o
    0x08001030   0x08001030   0x00000018   Code   RO           13    i.Delayms           delay.o
    0x08001048   0x08001048   0x0000002c   Code   RO           14    i.Delayus           delay.o
    0x08001074   0x08001074   0x00000090   Code   RO         2721    i.GPIO_Init         stm32f4xx_gpio.o
    0x08001104   0x08001104   0x00000046   Code   RO         2722    i.GPIO_PinAFConfig  stm32f4xx_gpio.o
    0x0800114a   0x0800114a   0x00000012   Code   RO         2725    i.GPIO_ReadInputDataBit  stm32f4xx_gpio.o
    0x0800115c   0x0800115c   0x00000004   Code   RO         2728    i.GPIO_ResetBits    stm32f4xx_gpio.o
    0x08001160   0x08001160   0x00000004   Code   RO         2729    i.GPIO_SetBits      stm32f4xx_gpio.o
    0x08001164   0x08001164   0x0000000a   Code   RO         2733    i.GPIO_WriteBit     stm32f4xx_gpio.o
    0x0800116e   0x0800116e   0x00000002   PAD
    0x08001170   0x08001170   0x0000011c   Code   RO          448    i.GetDate           rtc.o
    0x0800128c   0x0800128c   0x00000058   Code   RO          449    i.GetTime           rtc.o
    0x080012e4   0x080012e4   0x00000048   Code   RO          870    i.HP6IIC_Init       hp6_iic.o
    0x0800132c   0x0800132c   0x00000078   Code   RO          871    i.HP6IIC_ReadByte   hp6_iic.o
    0x080013a4   0x080013a4   0x00000030   Code   RO          872    i.HP6IIC_Start      hp6_iic.o
    0x080013d4   0x080013d4   0x0000002c   Code   RO          873    i.HP6IIC_Stop       hp6_iic.o
    0x08001400   0x08001400   0x0000007c   Code   RO          874    i.HP6IIC_WriteByte  hp6_iic.o
    0x0800147c   0x0800147c   0x00000040   Code   RO          635    i.HP_6_CloseBp      hp6.o
    0x080014bc   0x080014bc   0x00000040   Code   RO          636    i.HP_6_CloseRate    hp6.o
    0x080014fc   0x080014fc   0x0000002c   Code   RO          639    i.HP_6_GetBpResult  hp6.o
    0x08001528   0x08001528   0x0000002c   Code   RO          640    i.HP_6_GetRateResult  hp6.o
    0x08001554   0x08001554   0x00000024   Code   RO          641    i.HP_6_GetResultData  hp6.o
    0x08001578   0x08001578   0x0000003c   Code   RO          642    i.HP_6_OpenBp       hp6.o
    0x080015b4   0x080015b4   0x0000003c   Code   RO          643    i.HP_6_OpenRate     hp6.o
    0x080015f0   0x080015f0   0x00000046   Code   RO          645    i.HP_6_SendCmd      hp6.o
    0x08001636   0x08001636   0x00000040   Code   RO          647    i.Hp_6_I2CRead      hp6.o
    0x08001676   0x08001676   0x00000032   Code   RO          648    i.Hp_6_I2CWrite     hp6.o
    0x080016a8   0x080016a8   0x00000064   Code   RO          649    i.Hp_6_init         hp6.o
    0x0800170c   0x0800170c   0x00000074   Code   RO          520    i.IIC_PinInit       i2c.o
    0x08001780   0x08001780   0x000000a4   Code   RO          521    i.IIC_ReadByte      i2c.o
    0x08001824   0x08001824   0x00000048   Code   RO          522    i.IIC_Start         i2c.o
    0x0800186c   0x0800186c   0x00000040   Code   RO          523    i.IIC_Stop          i2c.o
    0x080018ac   0x080018ac   0x000000a4   Code   RO          524    i.IIC_WriteByte     i2c.o
    0x08001950   0x08001950   0x000000c4   Code   RO          191    i.KEY_ADC_Init      key.o
    0x08001a14   0x08001a14   0x0000003c   Code   RO          192    i.KEY_Get_ADC       key.o
    0x08001a50   0x08001a50   0x000000b0   Code   RO          193    i.Key_AdcScan       key.o
    0x08001b00   0x08001b00   0x00000028   Code   RO          194    i.Key_Init          key.o
    0x08001b28   0x08001b28   0x00000050   Code   RO          195    i.Key_Scan          key.o
    0x08001b78   0x08001b78   0x00000044   Code   RO          160    i.LedInit           led.o
    0x08001bbc   0x08001bbc   0x00000034   Code   RO          918    i.Low_Power         main.o
    0x08001bf0   0x08001bf0   0x00000050   Code   RO          763    i.MPU_Get_Accelerometer  mpu6050.o
    0x08001c40   0x08001c40   0x00000070   Code   RO          766    i.MPU_Init          mpu6050.o
    0x08001cb0   0x08001cb0   0x0000002e   Code   RO          767    i.MPU_Read_Byte     mpu6050.o
    0x08001cde   0x08001cde   0x0000005e   Code   RO          768    i.MPU_Read_Len      mpu6050.o
    0x08001d3c   0x08001d3c   0x00000010   Code   RO          769    i.MPU_Set_Accel_Fsr  mpu6050.o
    0x08001d4c   0x08001d4c   0x0000003a   Code   RO          771    i.MPU_Set_LPF       mpu6050.o
    0x08001d86   0x08001d86   0x0000003a   Code   RO          772    i.MPU_Set_Rate      mpu6050.o
    0x08001dc0   0x08001dc0   0x00000024   Code   RO          773    i.MPU_Write_Byte    mpu6050.o
    0x08001de4   0x08001de4   0x00000078   Code   RO         1053    i.NVIC_Init         misc.o
    0x08001e5c   0x08001e5c   0x00000014   Code   RO         1054    i.NVIC_PriorityGroupConfig  misc.o
    0x08001e70   0x08001e70   0x00000056   Code   RO          302    i.OLED_Chin_Eng     oled.o
    0x08001ec6   0x08001ec6   0x000000d2   Code   RO          303    i.OLED_Config       oled.o
    0x08001f98   0x08001f98   0x000001f8   Code   RO          304    i.OLED_GPIO_Init    oled.o
    0x08002190   0x08002190   0x00000020   Code   RO          305    i.OLED_Init         oled.o
    0x080021b0   0x080021b0   0x0000003c   Code   RO          306    i.OLED_REST         oled.o
    0x080021ec   0x080021ec   0x00000044   Code   RO          307    i.OLED_ReadWriteByte  oled.o
    0x08002230   0x08002230   0x00000048   Code   RO          308    i.OLED_Set_Pos      oled.o
    0x08002278   0x08002278   0x00000046   Code   RO          309    i.OLED_clear        oled.o
    0x080022be   0x080022be   0x00000002   PAD
    0x080022c0   0x080022c0   0x00000020   Code   RO         3620    i.RCC_AHB1PeriphClockCmd  stm32f4xx_rcc.o
    0x080022e0   0x080022e0   0x00000020   Code   RO         3629    i.RCC_APB1PeriphClockCmd  stm32f4xx_rcc.o
    0x08002300   0x08002300   0x00000020   Code   RO         3632    i.RCC_APB2PeriphClockCmd  stm32f4xx_rcc.o
    0x08002320   0x08002320   0x000000e8   Code   RO         3641    i.RCC_GetClocksFreq  stm32f4xx_rcc.o
    0x08002408   0x08002408   0x00000016   Code   RO         4030    i.RTC_Bcd2ToByte    stm32f4xx_rtc.o
    0x0800241e   0x0800241e   0x0000001c   Code   RO         4032    i.RTC_ByteToBcd2    stm32f4xx_rtc.o
    0x0800243a   0x0800243a   0x00000002   PAD
    0x0800243c   0x0800243c   0x00000050   Code   RO         4042    i.RTC_EnterInitMode  stm32f4xx_rtc.o
    0x0800248c   0x0800248c   0x00000014   Code   RO         4043    i.RTC_ExitInitMode  stm32f4xx_rtc.o
    0x080024a0   0x080024a0   0x0000004c   Code   RO         4046    i.RTC_GetDate       stm32f4xx_rtc.o
    0x080024ec   0x080024ec   0x00000050   Code   RO         4051    i.RTC_GetTime       stm32f4xx_rtc.o
    0x0800253c   0x0800253c   0x00000040   Code   RO          450    i.RTC_Init_Mode     rtc.o
    0x0800257c   0x0800257c   0x000000c8   Code   RO         4062    i.RTC_SetDate       stm32f4xx_rtc.o
    0x08002644   0x08002644   0x000000d0   Code   RO         4063    i.RTC_SetTime       stm32f4xx_rtc.o
    0x08002714   0x08002714   0x00000026   Code   RO          451    i.RTC_Set_Date      rtc.o
    0x0800273a   0x0800273a   0x00000026   Code   RO          452    i.RTC_Set_Time      rtc.o
    0x08002760   0x08002760   0x00000060   Code   RO         4079    i.RTC_WaitForSynchro  stm32f4xx_rtc.o
    0x080027c0   0x080027c0   0x000000e4   Code   RO          453    i.RtcInit           rtc.o
    0x080028a4   0x080028a4   0x00000010   Code   RO          572    i.SHT20_readOneByte  sht20.o
    0x080028b4   0x080028b4   0x00000020   Code   RO          573    i.SHT20_readTemAndHum  sht20.o
    0x080028d4   0x080028d4   0x000000cc   Code   RO          574    i.SHT20_readTemOrHum  sht20.o
    0x080029a0   0x080029a0   0x00000022   Code   RO          575    i.SHT20_setResolution  sht20.o
    0x080029c2   0x080029c2   0x00000010   Code   RO          577    i.SHT20_writeOneByte  sht20.o
    0x080029d2   0x080029d2   0x00000002   PAD
    0x080029d4   0x080029d4   0x00000030   Code   RO          310    i.SPI1_ReadWriteByte  oled.o
    0x08002a04   0x08002a04   0x000000e8   Code   RO         1012    i.SetSysClock       system_stm32f4xx.o
    0x08002aec   0x08002aec   0x00000084   Code   RO          311    i.Show_Char         oled.o
    0x08002b70   0x08002b70   0x000000a8   Code   RO          313    i.Show_Hanz         oled.o
    0x08002c18   0x08002c18   0x00000018   Code   RO           15    i.SysTick_Handler   delay.o
    0x08002c30   0x08002c30   0x00000068   Code   RO         1014    i.SystemInit        system_stm32f4xx.o
    0x08002c98   0x08002c98   0x00000054   Code   RO           16    i.SystickInit       delay.o
    0x08002cec   0x08002cec   0x00000030   Code   RO           17    i.TIM3_IRQHandler   delay.o
    0x08002d1c   0x08002d1c   0x000000f8   Code   RO          919    i.TIM4_IRQHandler   main.o
    0x08002e14   0x08002e14   0x00000006   Code   RO         4993    i.TIM_ClearITPendingBit  stm32f4xx_tim.o
    0x08002e1a   0x08002e1a   0x00000018   Code   RO         4998    i.TIM_Cmd           stm32f4xx_tim.o
    0x08002e32   0x08002e32   0x00000022   Code   RO         5019    i.TIM_GetITStatus   stm32f4xx_tim.o
    0x08002e54   0x08002e54   0x00000012   Code   RO         5023    i.TIM_ITConfig      stm32f4xx_tim.o
    0x08002e66   0x08002e66   0x00000002   PAD
    0x08002e68   0x08002e68   0x00000084   Code   RO         5070    i.TIM_TimeBaseInit  stm32f4xx_tim.o
    0x08002eec   0x08002eec   0x00000064   Code   RO           18    i.Tim3Init          delay.o
    0x08002f50   0x08002f50   0x00000068   Code   RO          920    i.Tim4Init          main.o
    0x08002fb8   0x08002fb8   0x00000020   Code   RO          253    i.USART1_IRQHandler  usart.o
    0x08002fd8   0x08002fd8   0x00000018   Code   RO         5552    i.USART_Cmd         stm32f4xx_usart.o
    0x08002ff0   0x08002ff0   0x0000001a   Code   RO         5555    i.USART_GetFlagStatus  stm32f4xx_usart.o
    0x0800300a   0x0800300a   0x00000054   Code   RO         5556    i.USART_GetITStatus  stm32f4xx_usart.o
    0x0800305e   0x0800305e   0x0000004a   Code   RO         5558    i.USART_ITConfig    stm32f4xx_usart.o
    0x080030a8   0x080030a8   0x000000d4   Code   RO         5559    i.USART_Init        stm32f4xx_usart.o
    0x0800317c   0x0800317c   0x0000000a   Code   RO         5566    i.USART_ReceiveData  stm32f4xx_usart.o
    0x08003186   0x08003186   0x00000008   Code   RO         5569    i.USART_SendData    stm32f4xx_usart.o
    0x0800318e   0x0800318e   0x00000002   PAD
    0x08003190   0x08003190   0x00000020   Code   RO          254    i.Usart1SendByte    usart.o
    0x080031b0   0x080031b0   0x000000ac   Code   RO          255    i.UsartInit         usart.o
    0x0800325c   0x0800325c   0x00000020   Code   RO         6043    i.__0printf         mc_w.l(printfa.o)
    0x0800327c   0x0800327c   0x00000028   Code   RO         6045    i.__0sprintf        mc_w.l(printfa.o)
    0x080032a4   0x080032a4   0x0000000e   Code   RO         6121    i.__scatterload_copy  mc_w.l(handlers.o)
    0x080032b2   0x080032b2   0x00000002   Code   RO         6122    i.__scatterload_null  mc_w.l(handlers.o)
    0x080032b4   0x080032b4   0x0000000e   Code   RO         6123    i.__scatterload_zeroinit  mc_w.l(handlers.o)
    0x080032c2   0x080032c2   0x00000002   PAD
    0x080032c4   0x080032c4   0x00000184   Code   RO         6050    i._fp_digits        mc_w.l(printfa.o)
    0x08003448   0x08003448   0x000006dc   Code   RO         6051    i._printf_core      mc_w.l(printfa.o)
    0x08003b24   0x08003b24   0x00000024   Code   RO         6052    i._printf_post_padding  mc_w.l(printfa.o)
    0x08003b48   0x08003b48   0x0000002e   Code   RO         6053    i._printf_pre_padding  mc_w.l(printfa.o)
    0x08003b76   0x08003b76   0x0000000a   Code   RO         6055    i._sputc            mc_w.l(printfa.o)
    0x08003b80   0x08003b80   0x0000012c   Code   RO          921    i.bpress_page       main.o
    0x08003cac   0x08003cac   0x00000010   Code   RO          256    i.fputc             usart.o
    0x08003cbc   0x08003cbc   0x00000100   Code   RO          316    i.kaiji             oled.o
    0x08003dbc   0x08003dbc   0x000000a0   Code   RO          922    i.main              main.o
    0x08003e5c   0x08003e5c   0x000000d8   Code   RO          923    i.rate_page         main.o
    0x08003f34   0x08003f34   0x000000d4   Code   RO          924    i.step_page         main.o
    0x08004008   0x08004008   0x000000e0   Code   RO          925    i.th_page           main.o
    0x080040e8   0x080040e8   0x00000050   Code   RO          926    i.time_page         main.o
    0x08004138   0x08004138   0x000023c7   Data   RO          424    .constdata          zimo.o
    0x080064ff   0x080064ff   0x00000001   PAD
    0x08006500   0x08006500   0x000002d8   Data   RO          651    .constdata          hp6.o
    0x080067d8   0x080067d8   0x00000020   Data   RO         6119    Region$$Table       anon$$obj.o


    Execution Region RW_IRAM1 (Exec base: 0x20000000, Load base: 0x080067f8, Size: 0x00001238, Max: 0x00020000, ABSOLUTE)

    Exec Addr    Load Addr    Size         Type   Attr      Idx    E Section Name        Object

    0x20000000   0x080067f8   0x00000008   Data   RW           19    .data               delay.o
    0x20000008   0x08006800   0x00000004   Data   RW          196    .data               key.o
    0x2000000c   0x08006804   0x00000008   Data   RW          455    .data               rtc.o
    0x20000014   0x0800680c   0x00000008   Data   RW          578    .data               sht20.o
    0x2000001c   0x08006814   0x00000046   Data   RW          776    .data               mpu6050.o
    0x20000062   0x0800685a   0x00000002   PAD
    0x20000064   0x0800685c   0x0000000a   Data   RW          927    .data               main.o
    0x2000006e   0x08006866   0x00000010   Data   RW         3673    .data               stm32f4xx_rcc.o
    0x2000007e   0x08006876   0x00000002   PAD
    0x20000080   0x08006878   0x00000004   Data   RW         6095    .data               mc_w.l(stdout.o)
    0x20000084        -       0x00000028   Zero   RW          454    .bss                rtc.o
    0x200000ac        -       0x00000030   Zero   RW          650    .bss                hp6.o
    0x200000dc        -       0x00000156   Zero   RW          775    .bss                mpu6050.o
    0x20000232   0x0800687c   0x00000006   PAD
    0x20000238        -       0x00001000   Zero   RW            1    STACK               startup_stm32f411xe.o


==============================================================================

Image component sizes


      Code (inc. data)   RO Data    RW Data    ZI Data      Debug   Object Name

       324         44          0          8          0     297948   delay.o
       704        118        728          0         48       8425   hp6.o
       408         26          0          0          0       2804   hp6_iic.o
       580         28          0          0          0       2744   i2c.o
       552         38          0          4          0       2701   key.o
        68          6          0          0          0        510   led.o
      1596        260          0         10          0       6495   main.o
       140         24          0          0          0       1599   misc.o
      2700         58          0         70        342      10693   mpu6050.o
      1706        104          0          0          0       7557   oled.o
       740        148          0          8         40       4526   rtc.o
       302         22          0          8          0       4113   sht20.o
        36          8        408          0       4096        864   startup_stm32f411xe.o
       250          0          0          0          0       4095   stm32f4xx_gpio.o
       328         36          0         16          0       4611   stm32f4xx_rcc.o
       810         50          0          0          0       6684   stm32f4xx_rtc.o
       214         28          0          0          0       3670   stm32f4xx_tim.o
       438          8          0          0          0       5429   stm32f4xx_usart.o
       336         32          0          0          0       1621   system_stm32f4xx.o
       252         18          0          0          0       3917   usart.o
         0          0       9159          0          0        833   zimo.o

    ----------------------------------------------------------------------
     12496       1056      10328        128       4532     381839   Object Totals
         0          0         32          0          0          0   (incl. Generated)
        12          0          1          4          6          0   (incl. Padding)

    ----------------------------------------------------------------------

      Code (inc. data)   RO Data    RW Data    ZI Data      Debug   Library Member Name

         0          0          0          0          0          0   entry.o
         0          0          0          0          0          0   entry10a.o
         0          0          0          0          0          0   entry11a.o
         8          4          0          0          0          0   entry2.o
         4          0          0          0          0          0   entry5.o
         0          0          0          0          0          0   entry7b.o
         0          0          0          0          0          0   entry8b.o
         8          4          0          0          0          0   entry9a.o
        30          0          0          0          0          0   handlers.o
        36          8          0          0          0         68   init.o
         0          0          0          0          0          0   iusefp.o
        30          0          0          0          0         68   llshl.o
        36          0          0          0          0         68   llsshr.o
        32          0          0          0          0         68   llushr.o
        36          0          0          0          0        108   memseta.o
      2308         96          0          0          0        604   printfa.o
         0          0          0          4          0          0   stdout.o
        14          0          0          0          0         68   strlen.o
        44          0          0          0          0         80   uidiv.o
        98          0          0          0          0         92   uldiv.o
        48          0          0          0          0         68   cdrcmple.o
       334          0          0          0          0        148   dadd.o
       222          0          0          0          0        100   ddiv.o
       186          0          0          0          0        176   depilogue.o
        48          0          0          0          0         68   dfixul.o
       228          0          0          0          0         96   dmul.o
        38          0          0          0          0         68   f2d.o

    ----------------------------------------------------------------------
      3792        112          0          4          0       1948   Library Totals
         4          0          0          0          0          0   (incl. Padding)

    ----------------------------------------------------------------------

      Code (inc. data)   RO Data    RW Data    ZI Data      Debug   Library Name

      2684        112          0          4          0       1224   mc_w.l
      1104          0          0          0          0        724   mf_w.l

    ----------------------------------------------------------------------
      3792        112          0          4          0       1948   Library Totals

    ----------------------------------------------------------------------

==============================================================================


      Code (inc. data)   RO Data    RW Data    ZI Data      Debug   

     16288       1168      10328        132       4532     371903   Grand Totals
     16288       1168      10328        132       4532     371903   ELF Image Totals
     16288       1168      10328        132          0          0   ROM Totals

==============================================================================

    Total RO  Size (Code + RO Data)                26616 (  25.99kB)
    Total RW  Size (RW Data + ZI Data)              4664 (   4.55kB)
    Total ROM Size (Code + RO Data + RW Data)      26748 (  26.12kB)

==============================================================================

